Archive member included to satisfy reference by file (symbol)

D:/Student_App/STM/STM32CubeIDE_1.19.0/STM32CubeIDE/plugins/com.st.stm32cube.ide.mcu.externaltools.gnu-tools-for-stm32.13.3.rel1.win32_1.0.0.202411081344/tools/bin/../lib/gcc/arm-none-eabi/13.3.1/../../../../arm-none-eabi/lib/thumb/v6-m/nofp\libc_nano.a(libc_a-exit.o)
                              D:/Student_App/STM/STM32CubeIDE_1.19.0/STM32CubeIDE/plugins/com.st.stm32cube.ide.mcu.externaltools.gnu-tools-for-stm32.13.3.rel1.win32_1.0.0.202411081344/tools/bin/../lib/gcc/arm-none-eabi/13.3.1/../../../../arm-none-eabi/lib/thumb/v6-m/nofp/crt0.o (exit)
D:/Student_App/STM/STM32CubeIDE_1.19.0/STM32CubeIDE/plugins/com.st.stm32cube.ide.mcu.externaltools.gnu-tools-for-stm32.13.3.rel1.win32_1.0.0.202411081344/tools/bin/../lib/gcc/arm-none-eabi/13.3.1/../../../../arm-none-eabi/lib/thumb/v6-m/nofp\libc_nano.a(libc_a-findfp.o)
                              D:/Student_App/STM/STM32CubeIDE_1.19.0/STM32CubeIDE/plugins/com.st.stm32cube.ide.mcu.externaltools.gnu-tools-for-stm32.13.3.rel1.win32_1.0.0.202411081344/tools/bin/../lib/gcc/arm-none-eabi/13.3.1/../../../../arm-none-eabi/lib/thumb/v6-m/nofp\libc_nano.a(libc_a-exit.o) (__stdio_exit_handler)
D:/Student_App/STM/STM32CubeIDE_1.19.0/STM32CubeIDE/plugins/com.st.stm32cube.ide.mcu.externaltools.gnu-tools-for-stm32.13.3.rel1.win32_1.0.0.202411081344/tools/bin/../lib/gcc/arm-none-eabi/13.3.1/../../../../arm-none-eabi/lib/thumb/v6-m/nofp\libc_nano.a(libc_a-fwalk.o)
                              D:/Student_App/STM/STM32CubeIDE_1.19.0/STM32CubeIDE/plugins/com.st.stm32cube.ide.mcu.externaltools.gnu-tools-for-stm32.13.3.rel1.win32_1.0.0.202411081344/tools/bin/../lib/gcc/arm-none-eabi/13.3.1/../../../../arm-none-eabi/lib/thumb/v6-m/nofp\libc_nano.a(libc_a-findfp.o) (_fwalk_sglue)
D:/Student_App/STM/STM32CubeIDE_1.19.0/STM32CubeIDE/plugins/com.st.stm32cube.ide.mcu.externaltools.gnu-tools-for-stm32.13.3.rel1.win32_1.0.0.202411081344/tools/bin/../lib/gcc/arm-none-eabi/13.3.1/../../../../arm-none-eabi/lib/thumb/v6-m/nofp\libc_nano.a(libc_a-sprintf.o)
                              ./Core/Src/gameC/mario.o (sprintf)
D:/Student_App/STM/STM32CubeIDE_1.19.0/STM32CubeIDE/plugins/com.st.stm32cube.ide.mcu.externaltools.gnu-tools-for-stm32.13.3.rel1.win32_1.0.0.202411081344/tools/bin/../lib/gcc/arm-none-eabi/13.3.1/../../../../arm-none-eabi/lib/thumb/v6-m/nofp\libc_nano.a(libc_a-stdio.o)
                              D:/Student_App/STM/STM32CubeIDE_1.19.0/STM32CubeIDE/plugins/com.st.stm32cube.ide.mcu.externaltools.gnu-tools-for-stm32.13.3.rel1.win32_1.0.0.202411081344/tools/bin/../lib/gcc/arm-none-eabi/13.3.1/../../../../arm-none-eabi/lib/thumb/v6-m/nofp\libc_nano.a(libc_a-findfp.o) (__sread)
D:/Student_App/STM/STM32CubeIDE_1.19.0/STM32CubeIDE/plugins/com.st.stm32cube.ide.mcu.externaltools.gnu-tools-for-stm32.13.3.rel1.win32_1.0.0.202411081344/tools/bin/../lib/gcc/arm-none-eabi/13.3.1/../../../../arm-none-eabi/lib/thumb/v6-m/nofp\libc_nano.a(libc_a-memset.o)
                              D:/Student_App/STM/STM32CubeIDE_1.19.0/STM32CubeIDE/plugins/com.st.stm32cube.ide.mcu.externaltools.gnu-tools-for-stm32.13.3.rel1.win32_1.0.0.202411081344/tools/bin/../lib/gcc/arm-none-eabi/13.3.1/../../../../arm-none-eabi/lib/thumb/v6-m/nofp/crt0.o (memset)
D:/Student_App/STM/STM32CubeIDE_1.19.0/STM32CubeIDE/plugins/com.st.stm32cube.ide.mcu.externaltools.gnu-tools-for-stm32.13.3.rel1.win32_1.0.0.202411081344/tools/bin/../lib/gcc/arm-none-eabi/13.3.1/../../../../arm-none-eabi/lib/thumb/v6-m/nofp\libc_nano.a(libc_a-closer.o)
                              D:/Student_App/STM/STM32CubeIDE_1.19.0/STM32CubeIDE/plugins/com.st.stm32cube.ide.mcu.externaltools.gnu-tools-for-stm32.13.3.rel1.win32_1.0.0.202411081344/tools/bin/../lib/gcc/arm-none-eabi/13.3.1/../../../../arm-none-eabi/lib/thumb/v6-m/nofp\libc_nano.a(libc_a-stdio.o) (_close_r)
D:/Student_App/STM/STM32CubeIDE_1.19.0/STM32CubeIDE/plugins/com.st.stm32cube.ide.mcu.externaltools.gnu-tools-for-stm32.13.3.rel1.win32_1.0.0.202411081344/tools/bin/../lib/gcc/arm-none-eabi/13.3.1/../../../../arm-none-eabi/lib/thumb/v6-m/nofp\libc_nano.a(libc_a-reent.o)
                              D:/Student_App/STM/STM32CubeIDE_1.19.0/STM32CubeIDE/plugins/com.st.stm32cube.ide.mcu.externaltools.gnu-tools-for-stm32.13.3.rel1.win32_1.0.0.202411081344/tools/bin/../lib/gcc/arm-none-eabi/13.3.1/../../../../arm-none-eabi/lib/thumb/v6-m/nofp\libc_nano.a(libc_a-closer.o) (errno)
D:/Student_App/STM/STM32CubeIDE_1.19.0/STM32CubeIDE/plugins/com.st.stm32cube.ide.mcu.externaltools.gnu-tools-for-stm32.13.3.rel1.win32_1.0.0.202411081344/tools/bin/../lib/gcc/arm-none-eabi/13.3.1/../../../../arm-none-eabi/lib/thumb/v6-m/nofp\libc_nano.a(libc_a-impure.o)
[...]
Memory Configuration

Name             Origin             Length             Attributes
RAM              0x20000000         0x00009000         xrw
FLASH            0x08000000         0x00020000         xr
*default*        0x00000000         0xffffffff

Linker script and memory map

LOAD D:/Student_App/STM/STM32CubeIDE_1.19.0/STM32CubeIDE/plugins/com.st.stm32cube.ide.mcu.externaltools.gnu-tools-for-stm32.13.3.rel1.win32_1.0.0.202411081344/tools/bin/../lib/gcc/arm-none-eabi/13.3.1/thumb/v6-m/nofp/crti.o
LOAD D:/Student_App/STM/STM32CubeIDE_1.19.0/STM32CubeIDE/plugins/com.st.stm32cube.ide.mcu.externaltools.gnu-tools-for-stm32.13.3.rel1.win32_1.0.0.202411081344/tools/bin/../lib/gcc/arm-none-eabi/13.3.1/thumb/v6-m/nofp/crtbegin.o
LOAD D:/Student_App/STM/STM32CubeIDE_1.19.0/STM32CubeIDE/plugins/com.st.stm32cube.ide.mcu.externaltools.gnu-tools-for-stm32.13.3.rel1.win32_1.0.0.202411081344/tools/bin/../lib/gcc/arm-none-eabi/13.3.1/../../../../arm-none-eabi/lib/thumb/v6-m/nofp/crt0.o
LOAD ./Core/Src/EngineC/engine.o
LOAD ./Core/Src/EngineC/gameobject.o
LOAD ./Core/Src/EngineC/input.o
LOAD ./Core/Src/EngineC/render.o
LOAD ./Core/Src/ILI9341_GFX.o
LOAD ./Core/Src/ILI9341_STM32_Driver.o
LOAD ./Core/Src/fonts.o
LOAD ./Core/Src/main.o
LOAD ./Core/Src/stm32g0xx_hal_msp.o
LOAD ./Core/Src/stm32g0xx_it.o
LOAD ./Core/Src/syscalls.o
LOAD ./Core/Src/sysmem.o
LOAD ./Core/Src/system_stm32g0xx.o
LOAD ./Core/Src/gameC/mario.o
LOAD ./Core/Startup/startup_stm32g071rbtx.o
LOAD ./Drivers/STM32G0xx_HAL_Driver/Src/stm32g0xx_hal.o
LOAD ./Drivers/STM32G0xx_HAL_Driver/Src/stm32g0xx_hal_cortex.o
LOAD ./Drivers/STM32G0xx_HAL_Driver/Src/stm32g0xx_hal_dma.o
LOAD ./Drivers/STM32G0xx_HAL_Driver/Src/stm32g0xx_hal_dma_ex.o
LOAD ./Drivers/STM32G0xx_HAL_Driver/Src/stm32g0xx_hal_exti.o
LOAD ./Drivers/STM32G0xx_HAL_Driver/Src/stm32g0xx_hal_flash.o
LOAD ./Drivers/STM32G0xx_HAL_Driver/Src/stm32g0xx_hal_flash_ex.o
LOAD ./Drivers/STM32G0xx_HAL_Driver/Src/stm32g0xx_hal_gpio.o
LOAD ./Drivers/STM32G0xx_HAL_Driver/Src/stm32g0xx_hal_pwr.o
LOAD ./Drivers/STM32G0xx_HAL_Driver/Src/stm32g0xx_hal_pwr_ex.o
LOAD ./Drivers/STM32G0xx_HAL_Driver/Src/stm32g0xx_hal_rcc.o
LOAD ./Drivers/STM32G0xx_HAL_Driver/Src/stm32g0xx_hal_rcc_ex.o
LOAD ./Drivers/STM32G0xx_HAL_Driver/Src/stm32g0xx_hal_spi.o
LOAD ./Drivers/STM32G0xx_HAL_Driver/Src/stm32g0xx_hal_spi_ex.o
LOAD ./Drivers/STM32G0xx_HAL_Driver/Src/stm32g0xx_hal_uart.o
LOAD ./Drivers/STM32G0xx_HAL_Driver/Src/stm32g0xx_hal_uart_ex.o
LOAD ./Drivers/STM32G0xx_HAL_Driver/Src/stm32g0xx_ll_rcc.o
START GROUP
LOAD D:/Student_App/STM/STM32CubeIDE_1.19.0/STM32CubeIDE/plugins/com.st.stm32cube.ide.mcu.externaltools.gnu-tools-for-stm32.13.3.rel1.win32_1.0.0.202411081344/tools/bin/../lib/gcc/arm-none-eabi/13.3.1/../../../../arm-none-eabi/lib/thumb/v6-m/nofp\libc_nano.a
LOAD D:/Student_App/STM/STM32CubeIDE_1.19.0/STM32CubeIDE/plugins/com.st.stm32cube.ide.mcu.externaltools.gnu-tools-for-stm32.13.3.rel1.win32_1.0.0.202411081344/tools/bin/../lib/gcc/arm-none-eabi/13.3.1/../../../../arm-none-eabi/lib/thumb/v6-m/nofp\libm.a
END GROUP
START GROUP
LOAD D:/Student_App/STM/STM32CubeIDE_1.19.0/STM32CubeIDE/plugins/com.st.stm32cube.ide.mcu.externaltools.gnu-tools-for-stm32.13.3.rel1.win32_1.0.0.202411081344/tools/bin/../lib/gcc/arm-none-eabi/13.3.1/thumb/v6-m/nofp\libgcc.a
LOAD D:/Student_App/STM/STM32CubeIDE_1.19.0/STM32CubeIDE/plugins/com.st.stm32cube.ide.mcu.externaltools.gnu-tools-for-stm32.13.3.rel1.win32_1.0.0.202411081344/tools/bin/../lib/gcc/arm-none-eabi/13.3.1/../../../../arm-none-eabi/lib/thumb/v6-m/nofp\libc_nano.a
END GROUP
START GROUP
LOAD D:/Student_App/STM/STM32CubeIDE_1.19.0/STM32CubeIDE/plugins/com.st.stm32cube.ide.mcu.externaltools.gnu-tools-for-stm32.13.3.rel1.win32_1.0.0.202411081344/tools/bin/../lib/gcc/arm-none-eabi/13.3.1/thumb/v6-m/nofp\libgcc.a
LOAD D:/Student_App/STM/STM32CubeIDE_1.19.0/STM32CubeIDE/plugins/com.st.stm32cube.ide.mcu.externaltools.gnu-tools-for-stm32.13.3.rel1.win32_1.0.0.202411081344/tools/bin/../lib/gcc/arm-none-eabi/13.3.1/../../../../arm-none-eabi/lib/thumb/v6-m/nofp\libc_nano.a
LOAD D:/Student_App/STM/STM32CubeIDE_1.19.0/STM32CubeIDE/plugins/com.st.stm32cube.ide.mcu.externaltools.gnu-tools-for-stm32.13.3.rel1.win32_1.0.0.202411081344/tools/bin/../lib/gcc/arm-none-eabi/13.3.1/../../../../arm-none-eabi/lib/thumb/v6-m/nofp\libnosys.a
END GROUP
START GROUP
LOAD D:/Student_App/STM/STM32CubeIDE_1.19.0/STM32CubeIDE/plugins/com.st.stm32cube.ide.mcu.externaltools.gnu-tools-for-stm32.13.3.rel1.win32_1.0.0.202411081344/tools/bin/../lib/gcc/arm-none-eabi/13.3.1/thumb/v6-m/nofp\libgcc.a
LOAD D:/Student_App/STM/STM32CubeIDE_1.19.0/STM32CubeIDE/plugins/com.st.stm32cube.ide.mcu.externaltools.gnu-tools-for-stm32.13.3.rel1.win32_1.0.0.202411081344/tools/bin/../lib/gcc/arm-none-eabi/13.3.1/../../../../arm-none-eabi/lib/thumb/v6-m/nofp\libc_nano.a
LOAD D:/Student_App/STM/STM32CubeIDE_1.19.0/STM32CubeIDE/plugins/com.st.stm32cube.ide.mcu.externaltools.gnu-tools-for-stm32.13.3.rel1.win32_1.0.0.202411081344/tools/bin/../lib/gcc/arm-none-eabi/13.3.1/../../../../arm-none-eabi/lib/thumb/v6-m/nofp\libnosys.a
END GROUP
LOAD D:/Student_App/STM/STM32CubeIDE_1.19.0/STM32CubeIDE/plugins/com.st.stm32cube.ide.mcu.externaltools.gnu-tools-for-stm32.13.3.rel1.win32_1.0.0.202411081344/tools/bin/../lib/gcc/arm-none-eabi/13.3.1/thumb/v6-m/nofp/crtend.o
LOAD D:/Student_App/STM/STM32CubeIDE_1.19.0/STM32CubeIDE/plugins/com.st.stm32cube.ide.mcu.externaltools.gnu-tools-for-stm32.13.3.rel1.win32_1.0.0.202411081344/tools/bin/../lib/gcc/arm-none-eabi/13.3.1/thumb/v6-m/nofp/crtn.o
                0x20009000                        _estack = (ORIGIN (RAM) + LENGTH (RAM))
                0x00000200                        _Min_Heap_Size = 0x200
                0x00000400                        _Min_Stack_Size = 0x400

.isr_vector     0x08000000       0xbc
                0x08000000                        . = ALIGN (0x4)
 *(.isr_vector)
 .isr_vector    0x08000000       0xbc ./Core/Startup/startup_stm32g071rbtx.o
                0x08000000                g_pfnVectors
                0x080000bc                        . = ALIGN (0x4)

.text           0x080000bc     0x7110
                0x080000bc                        . = ALIGN (0x4)
 *(.text)
 .text          0x080000bc       0x48 D:/Student_App/STM/STM32CubeIDE_1.19.0/STM32CubeIDE/plugins/com.st.stm32cube.ide.mcu.externaltools.gnu-tools-for-stm32.13.3.rel1.win32_1.0.0.202411081344/tools/bin/../lib/gcc/arm-none-eabi/13.3.1/thumb/v6-m/nofp/crtbegin.o
 .text          0x08000104       0x14 D:/Student_App/STM/STM32CubeIDE_1.19.0/STM32CubeIDE/plugins/com.st.stm32cube.ide.mcu.externaltools.gnu-tools-for-stm32.13.3.rel1.win32_1.0.0.202411081344/tools/bin/../lib/gcc/arm-none-eabi/13.3.1/thumb/v6-m/nofp\libgcc.a(_thumb1_case_shi.o)
                0x08000104                __gnu_thumb1_case_shi
 .text          0x08000118      0x114 D:/Student_App/STM/STM32CubeIDE_1.19.0/STM32CubeIDE/plugins/com.st.stm32cube.ide.mcu.externaltools.gnu-tools-for-stm32.13.3.rel1.win32_1.0.0.202411081344/tools/bin/../lib/gcc/arm-none-eabi/13.3.1/thumb/v6-m/nofp\libgcc.a(_udivsi3.o)
                0x08000118                __aeabi_uidiv
                0x08000118                __udivsi3
                0x08000224                __aeabi_uidivmod
 .text          0x0800022c      0x1d4 D:/Student_App/STM/STM32CubeIDE_1.19.0/STM32CubeIDE/plugins/com.st.stm32cube.ide.mcu.externaltools.gnu-tools-for-stm32.13.3.rel1.win32_1.0.0.202411081344/tools/bin/../lib/gcc/arm-none-eabi/13.3.1/thumb/v6-m/nofp\libgcc.a(_divsi3.o)
                0x0800022c                __divsi3
                0x0800022c                __aeabi_idiv
                0x080003f8                __aeabi_idivmod
 .text          0x08000400        0x4 D:/Student_App/STM/STM32CubeIDE_1.19.0/STM32CubeIDE/plugins/com.st.stm32cube.ide.mcu.externaltools.gnu-tools-for-stm32.13.3.rel1.win32_1.0.0.202411081344/tools/bin/../lib/gcc/arm-none-eabi/13.3.1/thumb/v6-m/nofp\libgcc.a(_dvmd_tls.o)
                0x08000400                __aeabi_idiv0
                0x08000400                __aeabi_ldiv0
 .text          0x08000404       0x40 D:/Student_App/STM/STM32CubeIDE_1.19.0/STM32CubeIDE/plugins/com.st.stm32cube.ide.mcu.externaltools.gnu-tools-for-stm32.13.3.rel1.win32_1.0.0.202411081344/tools/bin/../lib/gcc/arm-none-eabi/13.3.1/thumb/v6-m/nofp\libgcc.a(_aeabi_uldivmod.o)
                0x08000404                __aeabi_uldivmod
 .text          0x08000444      0x198 D:/Student_App/STM/STM32CubeIDE_1.19.0/STM32CubeIDE/plugins/com.st.stm32cube.ide.mcu.externaltools.gnu-tools-for-stm32.13.3.rel1.win32_1.0.0.202411081344/tools/bin/../lib/gcc/arm-none-eabi/13.3.1/thumb/v6-m/nofp\libgcc.a(_udivmoddi4.o)
                0x08000444                __udivmoddi4
 .text          0x080005dc       0x3c D:/Student_App/STM/STM32CubeIDE_1.19.0/STM32CubeIDE/plugins/com.st.stm32cube.ide.mcu.externaltools.gnu-tools-for-stm32.13.3.rel1.win32_1.0.0.202411081344/tools/bin/../lib/gcc/arm-none-eabi/13.3.1/thumb/v6-m/nofp\libgcc.a(_clzsi2.o)
                0x080005dc                __clzsi2
 .text          0x08000618       0x18 D:/Student_App/STM/STM32CubeIDE_1.19.0/STM32CubeIDE/plugins/com.st.stm32cube.ide.mcu.externaltools.gnu-tools-for-stm32.13.3.rel1.win32_1.0.0.202411081344/tools/bin/../lib/gcc/arm-none-eabi/13.3.1/thumb/v6-m/nofp\libgcc.a(_clzdi2.o)
                0x08000618                __clzdi2
 *(.text*)
 .text.Engine_SetLogicTick
                0x08000630       0x20 ./Core/Src/EngineC/engine.o
                0x08000630                Engine_SetLogicTick
 .text.Engine_SetRenderTick
                0x08000650       0x20 ./Core/Src/EngineC/engine.o
                0x08000650                Engine_SetRenderTick
 .text.Engine_Init
                0x08000670       0x1a ./Core/Src/EngineC/engine.o
                0x08000670                Engine_Init
 *fill*         0x0800068a        0x2 
 .text.Engine_RunLoop
                0x0800068c       0x80 ./Core/Src/EngineC/engine.o
                0x0800068c                Engine_RunLoop
 .text.GameObject_SetBackgroundColor
                0x0800070c       0x20 ./Core/Src/EngineC/gameobject.o
                0x0800070c                GameObject_SetBackgroundColor
 .text.GameObject_Init
                0x0800072c       0x54 ./Core/Src/EngineC/gameobject.o
                0x0800072c                GameObject_Init
 .text.GameObject_CreateSprite_Solid
                0x08000780       0xb8 ./Core/Src/EngineC/gameobject.o
                0x08000780                GameObject_CreateSprite_Solid
 .text.GameObject_CreateAnimation
                0x08000838       0x54 ./Core/Src/EngineC/gameobject.o
                0x08000838                GameObject_CreateAnimation
 .text.GameObject_Spawn
                0x0800088c      0x198 ./Core/Src/EngineC/gameobject.o
                0x0800088c                GameObject_Spawn
 .text.GameObject_SetSprite
                0x08000a24      0x18c ./Core/Src/EngineC/gameobject.o
                0x08000a24                GameObject_SetSprite
 .text.GameObject_SetPos
                0x08000bb0      0x18c ./Core/Src/EngineC/gameobject.o
                0x08000bb0                GameObject_SetPos
 .text.GameObject_PlayAnimation
                0x08000d3c       0x74 ./Core/Src/EngineC/gameobject.o
                0x08000d3c                GameObject_PlayAnimation
 .text.GameObject_EnableLogic
                0x08000db0       0x20 ./Core/Src/EngineC/gameobject.o
                0x08000db0                GameObject_EnableLogic
 .text.GameObject_ProcessLogic
                0x08000dd0       0x80 ./Core/Src/EngineC/gameobject.o
                0x08000dd0                GameObject_ProcessLogic
 .text.GameObject_ProcessAnimation
                0x08000e50      0x104 ./Core/Src/EngineC/gameobject.o
                0x08000e50                GameObject_ProcessAnimation
 .text.GameObject_RenderAll
                0x08000f54      0x158 ./Core/Src/EngineC/gameobject.o
                0x08000f54                GameObject_RenderAll
 .text.read_pin
                0x080010ac       0x36 ./Core/Src/EngineC/input.o
 *fill*         0x080010e2        0x2 
 .text.Input_Init
                0x080010e4       0x74 ./Core/Src/EngineC/input.o
                0x080010e4                Input_Init
 .text.Input_Poll
                0x08001158      0x1ac ./Core/Src/EngineC/input.o
                0x08001158                Input_Poll
 .text.Input_IsHeld
                0x08001304       0x58 ./Core/Src/EngineC/input.o
                0x08001304                Input_IsHeld
 .text.Render_Init
                0x0800135c       0x20 ./Core/Src/EngineC/render.o
                0x0800135c                Render_Init
 .text.Render_SetBackgroundColor
                0x0800137c       0x20 ./Core/Src/EngineC/render.o
                0x0800137c                Render_SetBackgroundColor
 .text.Render_ClearScreen
                0x0800139c       0x18 ./Core/Src/EngineC/render.o
                0x0800139c                Render_ClearScreen
 .text.Render_EnqueueFillRect
                0x080013b4      0x114 ./Core/Src/EngineC/render.o
                0x080013b4                Render_EnqueueFillRect
 .text.Render_EnqueueBlitBitmap
                0x080014c8      0x104 ./Core/Src/EngineC/render.o
                0x080014c8                Render_EnqueueBlitBitmap
 .text.Render_Process
                0x080015cc      0x404 ./Core/Src/EngineC/render.o
                0x080015cc                Render_Process
 .text.clip_rect_to_screen
                0x080019d0       0xc6 ./Core/Src/EngineC/render.o
 .text.ILI9341_DrawFilledRectangleCoord
                0x08001a96      0x13e ./Core/Src/ILI9341_GFX.o
                0x08001a96                ILI9341_DrawFilledRectangleCoord
 .text.ILI9341_DrawChar
                0x08001bd4      0x14a ./Core/Src/ILI9341_GFX.o
                0x08001bd4                ILI9341_DrawChar
 .text.ILI9341_DrawText
                0x08001d1e       0xc2 ./Core/Src/ILI9341_GFX.o
                0x08001d1e                ILI9341_DrawText
 .text.HAL_SPI_TxCpltCallback
                0x08001de0       0x30 ./Core/Src/ILI9341_STM32_Driver.o
                0x08001de0                HAL_SPI_TxCpltCallback
 .text.ILI9341_SPI_TxBuffer
                0x08001e10       0x38 ./Core/Src/ILI9341_STM32_Driver.o
 .text.ILI9341_SPI_Tx
                0x08001e48       0x34 ./Core/Src/ILI9341_STM32_Driver.o
 .text.ILI9341_WriteCommand
                0x08001e7c       0x3c ./Core/Src/ILI9341_STM32_Driver.o
                0x08001e7c                ILI9341_WriteCommand
 .text.ILI9341_WriteData
                0x08001eb8       0x3c ./Core/Src/ILI9341_STM32_Driver.o
                0x08001eb8                ILI9341_WriteData
 .text.ILI9341_WriteBuffer
                0x08001ef4       0x44 ./Core/Src/ILI9341_STM32_Driver.o
                0x08001ef4                ILI9341_WriteBuffer
 .text.ILI9341_SetAddress
                0x08001f38       0xbc ./Core/Src/ILI9341_STM32_Driver.o
                0x08001f38                ILI9341_SetAddress
 .text.ILI9341_Reset
                0x08001ff4       0x58 ./Core/Src/ILI9341_STM32_Driver.o
                0x08001ff4                ILI9341_Reset
 .text.ILI9341_Enable
                0x0800204c       0x1a ./Core/Src/ILI9341_STM32_Driver.o
                0x0800204c                ILI9341_Enable
 .text.ILI9341_Init
                0x08002066      0x216 ./Core/Src/ILI9341_STM32_Driver.o
                0x08002066                ILI9341_Init
 .text.ILI9341_SetRotation
                0x0800227c       0x9c ./Core/Src/ILI9341_STM32_Driver.o
                0x0800227c                ILI9341_SetRotation
 .text.ILI9341_DrawColorBurst
                0x08002318      0x160 ./Core/Src/ILI9341_STM32_Driver.o
                0x08002318                ILI9341_DrawColorBurst
 .text.ILI9341_FillScreen
                0x08002478       0x50 ./Core/Src/ILI9341_STM32_Driver.o
                0x08002478                ILI9341_FillScreen
 .text.ILI9341_DrawPixel
                0x080024c8      0x104 ./Core/Src/ILI9341_STM32_Driver.o
                0x080024c8                ILI9341_DrawPixel
 .text.ILI9341_DrawRectangle
                0x080025cc       0xe8 ./Core/Src/ILI9341_STM32_Driver.o
                0x080025cc                ILI9341_DrawRectangle
 .text.main     0x080026b4       0x3e ./Core/Src/main.o
                0x080026b4                main
 .text.SystemClock_Config
                0x080026f2       0xbc ./Core/Src/main.o
                0x080026f2                SystemClock_Config
 *fill*         0x080027ae        0x2 
 .text.MX_SPI1_Init
                0x080027b0       0x7c ./Core/Src/main.o
 .text.MX_USART2_UART_Init
                0x0800282c       0x9c ./Core/Src/main.o
 .text.MX_DMA_Init
                0x080028c8       0x3c ./Core/Src/main.o
 .text.MX_GPIO_Init
                0x08002904      0x134 ./Core/Src/main.o
 .text.Error_Handler
                0x08002a38        0xc ./Core/Src/main.o
                0x08002a38                Error_Handler
 .text.HAL_MspInit
                0x08002a44       0x48 ./Core/Src/stm32g0xx_hal_msp.o
                0x08002a44                HAL_MspInit
 .text.HAL_SPI_MspInit
                0x08002a8c       0xf0 ./Core/Src/stm32g0xx_hal_msp.o
                0x08002a8c                HAL_SPI_MspInit
 .text.HAL_UART_MspInit
                0x08002b7c       0xc0 ./Core/Src/stm32g0xx_hal_msp.o
                0x08002b7c                HAL_UART_MspInit
 .text.NMI_Handler
                0x08002c3c        0x8 ./Core/Src/stm32g0xx_it.o
                0x08002c3c                NMI_Handler
 .text.HardFault_Handler
                0x08002c44        0x8 ./Core/Src/stm32g0xx_it.o
                0x08002c44                HardFault_Handler
 .text.SVC_Handler
                0x08002c4c        0xa ./Core/Src/stm32g0xx_it.o
                0x08002c4c                SVC_Handler
 .text.PendSV_Handler
                0x08002c56        0xa ./Core/Src/stm32g0xx_it.o
                0x08002c56                PendSV_Handler
 .text.SysTick_Handler
                0x08002c60        0xe ./Core/Src/stm32g0xx_it.o
                0x08002c60                SysTick_Handler
 *fill*         0x08002c6e        0x2 
 .text.DMA1_Channel1_IRQHandler
                0x08002c70       0x18 ./Core/Src/stm32g0xx_it.o
                0x08002c70                DMA1_Channel1_IRQHandler
 .text._sbrk    0x08002c88       0x6c ./Core/Src/sysmem.o
                0x08002c88                _sbrk
 .text.SystemInit
                0x08002cf4        0xa ./Core/Src/system_stm32g0xx.o
                0x08002cf4                SystemInit
 .text.rects_overlap
                0x08002cfe       0x58 ./Core/Src/gameC/mario.o
 .text.CreateSolid
                0x08002d56       0x2a ./Core/Src/gameC/mario.o
 .text.AddBlock
                0x08002d80       0xb0 ./Core/Src/gameC/mario.o
 .text.SpawnGoomba
                0x08002e30       0x9c ./Core/Src/gameC/mario.o
 .text.GoombaLogic
                0x08002ecc      0x178 ./Core/Src/gameC/mario.o
 .text.PlayerLogic
                0x08003044      0x42c ./Core/Src/gameC/mario.o
 .text.CreateLevel_World1_1
                0x08003470      0x1bc ./Core/Src/gameC/mario.o
 .text.DrawHUD  0x0800362c       0x60 ./Core/Src/gameC/mario.o
 .text.Start    0x0800368c      0x1e4 ./Core/Src/gameC/mario.o
                0x0800368c                Start
 .text.Update   0x08003870        0xa ./Core/Src/gameC/mario.o
                0x08003870                Update
 *fill*         0x0800387a        0x2 
 .text.Render   0x0800387c       0x1c ./Core/Src/gameC/mario.o
                0x0800387c                Render
 .text.Reset_Handler
                0x08003898       0x50 ./Core/Startup/startup_stm32g071rbtx.o
                0x08003898                Reset_Handler
 .text.Default_Handler
                0x080038e8        0x2 ./Core/Startup/startup_stm32g071rbtx.o
                0x080038e8                USART3_4_LPUART1_IRQHandler
                0x080038e8                TIM1_CC_IRQHandler
                0x080038e8                ADC1_COMP_IRQHandler
                0x080038e8                PVD_IRQHandler
                0x080038e8                I2C1_IRQHandler
                0x080038e8                TIM7_LPTIM2_IRQHandler
                0x080038e8                RTC_TAMP_IRQHandler
                0x080038e8                SPI1_IRQHandler
                0x080038e8                EXTI2_3_IRQHandler
                0x080038e8                I2C2_IRQHandler
                0x080038e8                TIM17_IRQHandler
                0x080038e8                TIM16_IRQHandler
                0x080038e8                TIM3_IRQHandler
                0x080038e8                EXTI4_15_IRQHandler
                0x080038e8                RCC_IRQHandler
                0x080038e8                Default_Handler
                0x080038e8                CEC_IRQHandler
                0x080038e8                TIM14_IRQHandler
                0x080038e8                TIM15_IRQHandler
                0x080038e8                EXTI0_1_IRQHandler
                0x080038e8                SPI2_IRQHandler
                0x080038e8                TIM6_DAC_LPTIM1_IRQHandler
                0x080038e8                WWDG_IRQHandler
                0x080038e8                TIM2_IRQHandler
                0x080038e8                DMA1_Ch4_7_DMAMUX1_OVR_IRQHandler
                0x080038e8                DMA1_Channel2_3_IRQHandler
                0x080038e8                UCPD1_2_IRQHandler
                0x080038e8                USART2_IRQHandler
                0x080038e8                FLASH_IRQHandler
                0x080038e8                USART1_IRQHandler
                0x080038e8                TIM1_BRK_UP_TRG_COM_IRQHandler
 *fill*         0x080038ea        0x2 
 .text.HAL_Init
                0x080038ec       0x40 ./Drivers/STM32G0xx_HAL_Driver/Src/stm32g0xx_hal.o
                0x080038ec                HAL_Init
 .text.HAL_InitTick
                0x0800392c       0x94 ./Drivers/STM32G0xx_HAL_Driver/Src/stm32g0xx_hal.o
                0x0800392c                HAL_InitTick
 .text.HAL_IncTick
                0x080039c0       0x24 ./Drivers/STM32G0xx_HAL_Driver/Src/stm32g0xx_hal.o
                0x080039c0                HAL_IncTick
 .text.HAL_GetTick
                0x080039e4       0x14 ./Drivers/STM32G0xx_HAL_Driver/Src/stm32g0xx_hal.o
                0x080039e4                HAL_GetTick
 .text.HAL_Delay
                0x080039f8       0x48 ./Drivers/STM32G0xx_HAL_Driver/Src/stm32g0xx_hal.o
                0x080039f8                HAL_Delay
 .text.__NVIC_EnableIRQ
                0x08003a40       0x34 ./Drivers/STM32G0xx_HAL_Driver/Src/stm32g0xx_hal_cortex.o
 .text.__NVIC_SetPriority
                0x08003a74       0xdc ./Drivers/STM32G0xx_HAL_Driver/Src/stm32g0xx_hal_cortex.o
 .text.SysTick_Config
                0x08003b50       0x48 ./Drivers/STM32G0xx_HAL_Driver/Src/stm32g0xx_hal_cortex.o
 .text.HAL_NVIC_SetPriority
                0x08003b98       0x2a ./Drivers/STM32G0xx_HAL_Driver/Src/stm32g0xx_hal_cortex.o
                0x08003b98                HAL_NVIC_SetPriority
 .text.HAL_NVIC_EnableIRQ
                0x08003bc2       0x20 ./Drivers/STM32G0xx_HAL_Driver/Src/stm32g0xx_hal_cortex.o
                0x08003bc2                HAL_NVIC_EnableIRQ
 .text.HAL_SYSTICK_Config
                0x08003be2       0x1a ./Drivers/STM32G0xx_HAL_Driver/Src/stm32g0xx_hal_cortex.o
                0x08003be2                HAL_SYSTICK_Config
 .text.HAL_DMA_Init
                0x08003bfc      0x114 ./Drivers/STM32G0xx_HAL_Driver/Src/stm32g0xx_hal_dma.o
                0x08003bfc                HAL_DMA_Init
 .text.HAL_DMA_Start_IT
                0x08003d10      0x10c ./Drivers/STM32G0xx_HAL_Driver/Src/stm32g0xx_hal_dma.o
                0x08003d10                HAL_DMA_Start_IT
 .text.HAL_DMA_IRQHandler
                0x08003e1c      0x164 ./Drivers/STM32G0xx_HAL_Driver/Src/stm32g0xx_hal_dma.o
                0x08003e1c                HAL_DMA_IRQHandler
 .text.DMA_SetConfig
                0x08003f80       0x80 ./Drivers/STM32G0xx_HAL_Driver/Src/stm32g0xx_hal_dma.o
 .text.DMA_CalcDMAMUXChannelBaseAndMask
                0x08004000       0x58 ./Drivers/STM32G0xx_HAL_Driver/Src/stm32g0xx_hal_dma.o
 .text.DMA_CalcDMAMUXRequestGenBaseAndMask
                0x08004058       0x48 ./Drivers/STM32G0xx_HAL_Driver/Src/stm32g0xx_hal_dma.o
 .text.HAL_GPIO_Init
                0x080040a0      0x2c8 ./Drivers/STM32G0xx_HAL_Driver/Src/stm32g0xx_hal_gpio.o
                0x080040a0                HAL_GPIO_Init
 .text.HAL_GPIO_ReadPin
                0x08004368       0x3a ./Drivers/STM32G0xx_HAL_Driver/Src/stm32g0xx_hal_gpio.o
                0x08004368                HAL_GPIO_ReadPin
 .text.HAL_GPIO_WritePin
                0x080043a2       0x3a ./Drivers/STM32G0xx_HAL_Driver/Src/stm32g0xx_hal_gpio.o
                0x080043a2                HAL_GPIO_WritePin
 .text.HAL_PWREx_ControlVoltageScaling
                0x080043dc       0x80 ./Drivers/STM32G0xx_HAL_Driver/Src/stm32g0xx_hal_pwr_ex.o
                0x080043dc                HAL_PWREx_ControlVoltageScaling
 .text.LL_RCC_GetAPB1Prescaler
                0x0800445c       0x18 ./Drivers/STM32G0xx_HAL_Driver/Src/stm32g0xx_hal_rcc.o
 .text.HAL_RCC_OscConfig
                0x08004474      0x634 ./Drivers/STM32G0xx_HAL_Driver/Src/stm32g0xx_hal_rcc.o
                0x08004474                HAL_RCC_OscConfig
 .text.HAL_RCC_ClockConfig
                0x08004aa8      0x210 ./Drivers/STM32G0xx_HAL_Driver/Src/stm32g0xx_hal_rcc.o
                0x08004aa8                HAL_RCC_ClockConfig
 .text.HAL_RCC_GetSysClockFreq
                0x08004cb8      0x104 ./Drivers/STM32G0xx_HAL_Driver/Src/stm32g0xx_hal_rcc.o
                0x08004cb8                HAL_RCC_GetSysClockFreq
 .text.HAL_RCC_GetHCLKFreq
                0x08004dbc       0x14 ./Drivers/STM32G0xx_HAL_Driver/Src/stm32g0xx_hal_rcc.o
                0x08004dbc                HAL_RCC_GetHCLKFreq
 .text.HAL_RCC_GetPCLK1Freq
                0x08004dd0       0x2c ./Drivers/STM32G0xx_HAL_Driver/Src/stm32g0xx_hal_rcc.o
                0x08004dd0                HAL_RCC_GetPCLK1Freq
 .text.HAL_RCCEx_PeriphCLKConfig
                0x08004dfc      0x370 ./Drivers/STM32G0xx_HAL_Driver/Src/stm32g0xx_hal_rcc_ex.o
                0x08004dfc                HAL_RCCEx_PeriphCLKConfig
 .text.HAL_SPI_Init
                0x0800516c      0x170 ./Drivers/STM32G0xx_HAL_Driver/Src/stm32g0xx_hal_spi.o
                0x0800516c                HAL_SPI_Init
 .text.HAL_SPI_Transmit
                0x080052dc      0x2be ./Drivers/STM32G0xx_HAL_Driver/Src/stm32g0xx_hal_spi.o
                0x080052dc                HAL_SPI_Transmit
 *fill*         0x0800559a        0x2 
 .text.HAL_SPI_Transmit_DMA
                0x0800559c      0x204 ./Drivers/STM32G0xx_HAL_Driver/Src/stm32g0xx_hal_spi.o
                0x0800559c                HAL_SPI_Transmit_DMA
 .text.HAL_SPI_TxHalfCpltCallback
                0x080057a0       0x10 ./Drivers/STM32G0xx_HAL_Driver/Src/stm32g0xx_hal_spi.o
                0x080057a0                HAL_SPI_TxHalfCpltCallback
 .text.HAL_SPI_ErrorCallback
                0x080057b0       0x10 ./Drivers/STM32G0xx_HAL_Driver/Src/stm32g0xx_hal_spi.o
                0x080057b0                HAL_SPI_ErrorCallback
 .text.SPI_DMATransmitCplt
                0x080057c0       0xac ./Drivers/STM32G0xx_HAL_Driver/Src/stm32g0xx_hal_spi.o
 .text.SPI_DMAHalfTransmitCplt
                0x0800586c       0x1e ./Drivers/STM32G0xx_HAL_Driver/Src/stm32g0xx_hal_spi.o
 .text.SPI_DMAError
                0x0800588a       0x42 ./Drivers/STM32G0xx_HAL_Driver/Src/stm32g0xx_hal_spi.o
 .text.SPI_WaitFlagStateUntilTimeout
                0x080058cc      0x11c ./Drivers/STM32G0xx_HAL_Driver/Src/stm32g0xx_hal_spi.o
 .text.SPI_WaitFifoStateUntilTimeout
                0x080059e8      0x144 ./Drivers/STM32G0xx_HAL_Driver/Src/stm32g0xx_hal_spi.o
 .text.SPI_EndRxTxTransaction
                0x08005b2c       0x8c ./Drivers/STM32G0xx_HAL_Driver/Src/stm32g0xx_hal_spi.o
 .text.HAL_UART_Init
                0x08005bb8       0xac ./Drivers/STM32G0xx_HAL_Driver/Src/stm32g0xx_hal_uart.o
                0x08005bb8                HAL_UART_Init
 .text.UART_SetConfig
                0x08005c64      0x57c ./Drivers/STM32G0xx_HAL_Driver/Src/stm32g0xx_hal_uart.o
                0x08005c64                UART_SetConfig
 .text.UART_AdvFeatureConfig
                0x080061e0      0x168 ./Drivers/STM32G0xx_HAL_Driver/Src/stm32g0xx_hal_uart.o
                0x080061e0                UART_AdvFeatureConfig
 .text.UART_CheckIdleState
                0x08006348      0x154 ./Drivers/STM32G0xx_HAL_Driver/Src/stm32g0xx_hal_uart.o
                0x08006348                UART_CheckIdleState
 .text.UART_WaitOnFlagUntilTimeout
                0x0800649c       0xde ./Drivers/STM32G0xx_HAL_Driver/Src/stm32g0xx_hal_uart.o
                0x0800649c                UART_WaitOnFlagUntilTimeout
 *fill*         0x0800657a        0x2 
 .text.UART_EndRxTransfer
                0x0800657c       0xcc ./Drivers/STM32G0xx_HAL_Driver/Src/stm32g0xx_hal_uart.o
 .text.HAL_UARTEx_DisableFifoMode
                0x08006648       0x74 ./Drivers/STM32G0xx_HAL_Driver/Src/stm32g0xx_hal_uart_ex.o
                0x08006648                HAL_UARTEx_DisableFifoMode
 .text.HAL_UARTEx_SetTxFifoThreshold
                0x080066bc       0x7e ./Drivers/STM32G0xx_HAL_Driver/Src/stm32g0xx_hal_uart_ex.o
                0x080066bc                HAL_UARTEx_SetTxFifoThreshold
 *fill*         0x0800673a        0x2 
 .text.HAL_UARTEx_SetRxFifoThreshold
                0x0800673c       0x84 ./Drivers/STM32G0xx_HAL_Driver/Src/stm32g0xx_hal_uart_ex.o
                0x0800673c                HAL_UARTEx_SetRxFifoThreshold
 .text.UARTEx_SetNbDataToProcess
                0x080067c0       0xbc ./Drivers/STM32G0xx_HAL_Driver/Src/stm32g0xx_hal_uart_ex.o
 .text.sprintf  0x0800687c       0x44 D:/Student_App/STM/STM32CubeIDE_1.19.0/STM32CubeIDE/plugins/com.st.stm32cube.ide.mcu.externaltools.gnu-tools-for-stm32.13.3.rel1.win32_1.0.0.202411081344/tools/bin/../lib/gcc/arm-none-eabi/13.3.1/../../../../arm-none-eabi/lib/thumb/v6-m/nofp\libc_nano.a(libc_a-sprintf.o)
                0x0800687c                siprintf
                0x0800687c                sprintf
 .text.memset   0x080068c0       0x10 D:/Student_App/STM/STM32CubeIDE_1.19.0/STM32CubeIDE/plugins/com.st.stm32cube.ide.mcu.externaltools.gnu-tools-for-stm32.13.3.rel1.win32_1.0.0.202411081344/tools/bin/../lib/gcc/arm-none-eabi/13.3.1/../../../../arm-none-eabi/lib/thumb/v6-m/nofp\libc_nano.a(libc_a-memset.o)
                0x080068c0                memset
 .text.__errno  0x080068d0        0xc D:/Student_App/STM/STM32CubeIDE_1.19.0/STM32CubeIDE/plugins/com.st.stm32cube.ide.mcu.externaltools.gnu-tools-for-stm32.13.3.rel1.win32_1.0.0.202411081344/tools/bin/../lib/gcc/arm-none-eabi/13.3.1/../../../../arm-none-eabi/lib/thumb/v6-m/nofp\libc_nano.a(libc_a-errno.o)
                0x080068d0                __errno
 .text.__libc_init_array
                0x080068dc       0x48 D:/Student_App/STM/STM32CubeIDE_1.19.0/STM32CubeIDE/plugins/com.st.stm32cube.ide.mcu.externaltools.gnu-tools-for-stm32.13.3.rel1.win32_1.0.0.202411081344/tools/bin/../lib/gcc/arm-none-eabi/13.3.1/../../../../arm-none-eabi/lib/thumb/v6-m/nofp\libc_nano.a(libc_a-init.o)
                0x080068dc                __libc_init_array
 .text.__retarget_lock_acquire_recursive
                0x08006924        0x2 D:/Student_App/STM/STM32CubeIDE_1.19.0/STM32CubeIDE/plugins/com.st.stm32cube.ide.mcu.externaltools.gnu-tools-for-stm32.13.3.rel1.win32_1.0.0.202411081344/tools/bin/../lib/gcc/arm-none-eabi/13.3.1/../../../../arm-none-eabi/lib/thumb/v6-m/nofp\libc_nano.a(libc_a-lock.o)
                0x08006924                __retarget_lock_acquire_recursive
 .text.__retarget_lock_release_recursive
                0x08006926        0x2 D:/Student_App/STM/STM32CubeIDE_1.19.0/STM32CubeIDE/plugins/com.st.stm32cube.ide.mcu.externaltools.gnu-tools-for-stm32.13.3.rel1.win32_1.0.0.202411081344/tools/bin/../lib/gcc/arm-none-eabi/13.3.1/../../../../arm-none-eabi/lib/thumb/v6-m/nofp\libc_nano.a(libc_a-lock.o)
                0x08006926                __retarget_lock_release_recursive
 .text._free_r  0x08006928       0x94 D:/Student_App/STM/STM32CubeIDE_1.19.0/STM32CubeIDE/plugins/com.st.stm32cube.ide.mcu.externaltools.gnu-tools-for-stm32.13.3.rel1.win32_1.0.0.202411081344/tools/bin/../lib/gcc/arm-none-eabi/13.3.1/../../../../arm-none-eabi/lib/thumb/v6-m/nofp\libc_nano.a(libc_a-freer.o)
                0x08006928                _free_r
 .text.sbrk_aligned
                0x080069bc       0x44 D:/Student_App/STM/STM32CubeIDE_1.19.0/STM32CubeIDE/plugins/com.st.stm32cube.ide.mcu.externaltools.gnu-tools-for-stm32.13.3.rel1.win32_1.0.0.202411081344/tools/bin/../lib/gcc/arm-none-eabi/13.3.1/../../../../arm-none-eabi/lib/thumb/v6-m/nofp\libc_nano.a(libc_a-mallocr.o)
 .text._malloc_r
                0x08006a00      0x100 D:/Student_App/STM/STM32CubeIDE_1.19.0/STM32CubeIDE/plugins/com.st.stm32cube.ide.mcu.externaltools.gnu-tools-for-stm32.13.3.rel1.win32_1.0.0.202411081344/tools/bin/../lib/gcc/arm-none-eabi/13.3.1/../../../../arm-none-eabi/lib/thumb/v6-m/nofp\libc_nano.a(libc_a-mallocr.o)
                0x08006a00                _malloc_r
 .text.__malloc_lock
                0x08006b00       0x10 D:/Student_App/STM/STM32CubeIDE_1.19.0/STM32CubeIDE/plugins/com.st.stm32cube.ide.mcu.externaltools.gnu-tools-for-stm32.13.3.rel1.win32_1.0.0.202411081344/tools/bin/../lib/gcc/arm-none-eabi/13.3.1/../../../../arm-none-eabi/lib/thumb/v6-m/nofp\libc_nano.a(libc_a-mlock.o)
                0x08006b00                __malloc_lock
 .text.__malloc_unlock
                0x08006b10       0x10 D:/Student_App/STM/STM32CubeIDE_1.19.0/STM32CubeIDE/plugins/com.st.stm32cube.ide.mcu.externaltools.gnu-tools-for-stm32.13.3.rel1.win32_1.0.0.202411081344/tools/bin/../lib/gcc/arm-none-eabi/13.3.1/../../../../arm-none-eabi/lib/thumb/v6-m/nofp\libc_nano.a(libc_a-mlock.o)
                0x08006b10                __malloc_unlock
 .text.__ssputs_r
                0x08006b20       0xc0 D:/Student_App/STM/STM32CubeIDE_1.19.0/STM32CubeIDE/plugins/com.st.stm32cube.ide.mcu.externaltools.gnu-tools-for-stm32.13.3.rel1.win32_1.0.0.202411081344/tools/bin/../lib/gcc/arm-none-eabi/13.3.1/../../../../arm-none-eabi/lib/thumb/v6-m/nofp\libc_nano.a(libc_a-nano-svfprintf.o)
                0x08006b20                __ssputs_r
 .text._svfprintf_r
                0x08006be0      0x1fc D:/Student_App/STM/STM32CubeIDE_1.19.0/STM32CubeIDE/plugins/com.st.stm32cube.ide.mcu.externaltools.gnu-tools-for-stm32.13.3.rel1.win32_1.0.0.202411081344/tools/bin/../lib/gcc/arm-none-eabi/13.3.1/../../../../arm-none-eabi/lib/thumb/v6-m/nofp\libc_nano.a(libc_a-nano-svfprintf.o)
                0x08006be0                _svfiprintf_r
                0x08006be0                _svfprintf_r
 .text._printf_common
                0x08006ddc       0xde D:/Student_App/STM/STM32CubeIDE_1.19.0/STM32CubeIDE/plugins/com.st.stm32cube.ide.mcu.externaltools.gnu-tools-for-stm32.13.3.rel1.win32_1.0.0.202411081344/tools/bin/../lib/gcc/arm-none-eabi/13.3.1/../../../../arm-none-eabi/lib/thumb/v6-m/nofp\libc_nano.a(libc_a-nano-vfprintf_i.o)
                0x08006ddc                _printf_common
 *fill*         0x08006eba        0x2 
 .text._printf_i
                0x08006ebc      0x218 D:/Student_App/STM/STM32CubeIDE_1.19.0/STM32CubeIDE/plugins/com.st.stm32cube.ide.mcu.externaltools.gnu-tools-for-stm32.13.3.rel1.win32_1.0.0.202411081344/tools/bin/../lib/gcc/arm-none-eabi/13.3.1/../../../../arm-none-eabi/lib/thumb/v6-m/nofp\libc_nano.a(libc_a-nano-vfprintf_i.o)
                0x08006ebc                _printf_i
 .text.memmove  0x080070d4       0x24 D:/Student_App/STM/STM32CubeIDE_1.19.0/STM32CubeIDE/plugins/com.st.stm32cube.ide.mcu.externaltools.gnu-tools-for-stm32.13.3.rel1.win32_1.0.0.202411081344/tools/bin/../lib/gcc/arm-none-eabi/13.3.1/../../../../arm-none-eabi/lib/thumb/v6-m/nofp\libc_nano.a(libc_a-memmove.o)
                0x080070d4                memmove
 .text._sbrk_r  0x080070f8       0x24 D:/Student_App/STM/STM32CubeIDE_1.19.0/STM32CubeIDE/plugins/com.st.stm32cube.ide.mcu.externaltools.gnu-tools-for-stm32.13.3.rel1.win32_1.0.0.202411081344/tools/bin/../lib/gcc/arm-none-eabi/13.3.1/../../../../arm-none-eabi/lib/thumb/v6-m/nofp\libc_nano.a(libc_a-sbrkr.o)
                0x080070f8                _sbrk_r
 .text.memchr   0x0800711c       0x16 D:/Student_App/STM/STM32CubeIDE_1.19.0/STM32CubeIDE/plugins/com.st.stm32cube.ide.mcu.externaltools.gnu-tools-for-stm32.13.3.rel1.win32_1.0.0.202411081344/tools/bin/../lib/gcc/arm-none-eabi/13.3.1/../../../../arm-none-eabi/lib/thumb/v6-m/nofp\libc_nano.a(libc_a-memchr-stub.o)
                0x0800711c                memchr
 .text.memcpy   0x08007132       0x12 D:/Student_App/STM/STM32CubeIDE_1.19.0/STM32CubeIDE/plugins/com.st.stm32cube.ide.mcu.externaltools.gnu-tools-for-stm32.13.3.rel1.win32_1.0.0.202411081344/tools/bin/../lib/gcc/arm-none-eabi/13.3.1/../../../../arm-none-eabi/lib/thumb/v6-m/nofp\libc_nano.a(libc_a-memcpy-stub.o)
                0x08007132                memcpy
 .text._realloc_r
                0x08007144       0x60 D:/Student_App/STM/STM32CubeIDE_1.19.0/STM32CubeIDE/plugins/com.st.stm32cube.ide.mcu.externaltools.gnu-tools-for-stm32.13.3.rel1.win32_1.0.0.202411081344/tools/bin/../lib/gcc/arm-none-eabi/13.3.1/../../../../arm-none-eabi/lib/thumb/v6-m/nofp\libc_nano.a(libc_a-reallocr.o)
                0x08007144                _realloc_r
 .text._malloc_usable_size_r
                0x080071a4       0x10 D:/Student_App/STM/STM32CubeIDE_1.19.0/STM32CubeIDE/plugins/com.st.stm32cube.ide.mcu.externaltools.gnu-tools-for-stm32.13.3.rel1.win32_1.0.0.202411081344/tools/bin/../lib/gcc/arm-none-eabi/13.3.1/../../../../arm-none-eabi/lib/thumb/v6-m/nofp\libc_nano.a(libc_a-msizer.o)
                0x080071a4                _malloc_usable_size_r
 *(.glue_7)
 .glue_7        0x080071b4        0x0 linker stubs
 *(.glue_7t)
 .glue_7t       0x080071b4        0x0 linker stubs
 *(.eh_frame)
 .eh_frame      0x080071b4        0x0 D:/Student_App/STM/STM32CubeIDE_1.19.0/STM32CubeIDE/plugins/com.st.stm32cube.ide.mcu.externaltools.gnu-tools-for-stm32.13.3.rel1.win32_1.0.0.202411081344/tools/bin/../lib/gcc/arm-none-eabi/13.3.1/thumb/v6-m/nofp/crtbegin.o
 *(.init)
 .init          0x080071b4        0x4 D:/Student_App/STM/STM32CubeIDE_1.19.0/STM32CubeIDE/plugins/com.st.stm32cube.ide.mcu.externaltools.gnu-tools-for-stm32.13.3.rel1.win32_1.0.0.202411081344/tools/bin/../lib/gcc/arm-none-eabi/13.3.1/thumb/v6-m/nofp/crti.o
                0x080071b4                _init
 .init          0x080071b8        0x8 D:/Student_App/STM/STM32CubeIDE_1.19.0/STM32CubeIDE/plugins/com.st.stm32cube.ide.mcu.externaltools.gnu-tools-for-stm32.13.3.rel1.win32_1.0.0.202411081344/tools/bin/../lib/gcc/arm-none-eabi/13.3.1/thumb/v6-m/nofp/crtn.o
 *(.fini)
 .fini          0x080071c0        0x4 D:/Student_App/STM/STM32CubeIDE_1.19.0/STM32CubeIDE/plugins/com.st.stm32cube.ide.mcu.externaltools.gnu-tools-for-stm32.13.3.rel1.win32_1.0.0.202411081344/tools/bin/../lib/gcc/arm-none-eabi/13.3.1/thumb/v6-m/nofp/crti.o
                0x080071c0                _fini
 .fini          0x080071c4        0x8 D:/Student_App/STM/STM32CubeIDE_1.19.0/STM32CubeIDE/plugins/com.st.stm32cube.ide.mcu.externaltools.gnu-tools-for-stm32.13.3.rel1.win32_1.0.0.202411081344/tools/bin/../lib/gcc/arm-none-eabi/13.3.1/thumb/v6-m/nofp/crtn.o
                0x080071cc                        . = ALIGN (0x4)
                0x080071cc                        _etext = .

.vfp11_veneer   0x080071cc        0x0
 .vfp11_veneer  0x080071cc        0x0 linker stubs

.v4_bx          0x080071cc        0x0
 .v4_bx         0x080071cc        0x0 linker stubs

.iplt           0x080071cc        0x0
 .iplt          0x080071cc        0x0 D:/Student_App/STM/STM32CubeIDE_1.19.0/STM32CubeIDE/plugins/com.st.stm32cube.ide.mcu.externaltools.gnu-tools-for-stm32.13.3.rel1.win32_1.0.0.202411081344/tools/bin/../lib/gcc/arm-none-eabi/13.3.1/thumb/v6-m/nofp/crtbegin.o

.rodata         0x080071cc      0xa2c
                0x080071cc                        . = ALIGN (0x4)
 *(.rodata)
 .rodata        0x080071cc        0xc ./Core/Src/gameC/mario.o
 *(.rodata*)
 .rodata.Arial_Narrow12x16
                0x080071d8      0x964 ./Core/Src/fonts.o
                0x080071d8                Arial_Narrow12x16
 .rodata.AHBPrescTable
                0x08007b3c       0x40 ./Core/Src/system_stm32g0xx.o
                0x08007b3c                AHBPrescTable
 .rodata.APBPrescTable
                0x08007b7c       0x20 ./Core/Src/system_stm32g0xx.o
                0x08007b7c                APBPrescTable
 .rodata.UARTPrescTable
                0x08007b9c       0x18 ./Drivers/STM32G0xx_HAL_Driver/Src/stm32g0xx_hal_uart.o
                0x08007b9c                UARTPrescTable
 .rodata.numerator.1
                0x08007bb4        0x8 ./Drivers/STM32G0xx_HAL_Driver/Src/stm32g0xx_hal_uart_ex.o
 .rodata.denominator.0
                0x08007bbc        0x8 ./Drivers/STM32G0xx_HAL_Driver/Src/stm32g0xx_hal_uart_ex.o
 .rodata._svfprintf_r.str1.1
                0x08007bc4       0x33 D:/Student_App/STM/STM32CubeIDE_1.19.0/STM32CubeIDE/plugins/com.st.stm32cube.ide.mcu.externaltools.gnu-tools-for-stm32.13.3.rel1.win32_1.0.0.202411081344/tools/bin/../lib/gcc/arm-none-eabi/13.3.1/../../../../arm-none-eabi/lib/thumb/v6-m/nofp\libc_nano.a(libc_a-nano-svfprintf.o)
                                 0x11 (size before relaxing)
 .rodata._printf_i.str1.1
                0x08007bf7       0x22 D:/Student_App/STM/STM32CubeIDE_1.19.0/STM32CubeIDE/plugins/com.st.stm32cube.ide.mcu.externaltools.gnu-tools-for-stm32.13.3.rel1.win32_1.0.0.202411081344/tools/bin/../lib/gcc/arm-none-eabi/13.3.1/../../../../arm-none-eabi/lib/thumb/v6-m/nofp\libc_nano.a(libc_a-nano-vfprintf_i.o)
                0x08007c1c                        . = ALIGN (0x4)
 *fill*         0x08007bf7        0x1 

.ARM.extab      0x08007bf8        0x0
                0x08007bf8                        . = ALIGN (0x4)
 *(.ARM.extab* .gnu.linkonce.armextab.*)
                0x08007bf8                        . = ALIGN (0x4)

.ARM            0x08007bf8        0x8
                0x08007bf8                        . = ALIGN (0x4)
                0x08007bf8                        __exidx_start = .
 *(.ARM.exidx*)
 .ARM.exidx     0x08007bf8        0x8 D:/Student_App/STM/STM32CubeIDE_1.19.0/STM32CubeIDE/plugins/com.st.stm32cube.ide.mcu.externaltools.gnu-tools-for-stm32.13.3.rel1.win32_1.0.0.202411081344/tools/bin/../lib/gcc/arm-none-eabi/13.3.1/thumb/v6-m/nofp\libgcc.a(_udivmoddi4.o)
                0x08007c00                        __exidx_end = .
                0x08007c00                        . = ALIGN (0x4)

.preinit_array  0x08007c00        0x0
                0x08007c00                        . = ALIGN (0x4)
                0x08007c00                        PROVIDE (__preinit_array_start = .)
 *(.preinit_array*)
                0x08007c00                        PROVIDE (__preinit_array_end = .)
                0x08007c00                        . = ALIGN (0x4)

.init_array     0x08007c00        0x4
                0x08007c00                        . = ALIGN (0x4)
                0x08007c00                        PROVIDE (__init_array_start = .)
 *(SORT_BY_NAME(.init_array.*))
 *(.init_array*)
 .init_array    0x08007c00        0x4 D:/Student_App/STM/STM32CubeIDE_1.19.0/STM32CubeIDE/plugins/com.st.stm32cube.ide.mcu.externaltools.gnu-tools-for-stm32.13.3.rel1.win32_1.0.0.202411081344/tools/bin/../lib/gcc/arm-none-eabi/13.3.1/thumb/v6-m/nofp/crtbegin.o
                0x08007c04                        PROVIDE (__init_array_end = .)
                0x08007c04                        . = ALIGN (0x4)

.fini_array     0x08007c04        0x4
                0x08007c04                        . = ALIGN (0x4)
                [!provide]                        PROVIDE (__fini_array_start = .)
 *(SORT_BY_NAME(.fini_array.*))
 *(.fini_array*)
 .fini_array    0x08007c04        0x4 D:/Student_App/STM/STM32CubeIDE_1.19.0/STM32CubeIDE/plugins/com.st.stm32cube.ide.mcu.externaltools.gnu-tools-for-stm32.13.3.rel1.win32_1.0.0.202411081344/tools/bin/../lib/gcc/arm-none-eabi/13.3.1/thumb/v6-m/nofp/crtbegin.o
                [!provide]                        PROVIDE (__fini_array_end = .)
                0x08007c08                        . = ALIGN (0x4)
                0x08007c08                        _sidata = LOADADDR (.data)

.rel.dyn        0x08007c08        0x0
 .rel.iplt      0x08007c08        0x0 D:/Student_App/STM/STM32CubeIDE_1.19.0/STM32CubeIDE/plugins/com.st.stm32cube.ide.mcu.externaltools.gnu-tools-for-stm32.13.3.rel1.win32_1.0.0.202411081344/tools/bin/../lib/gcc/arm-none-eabi/13.3.1/thumb/v6-m/nofp/crtbegin.o

.data           0x20000000       0x88 load address 0x08007c08
                0x20000000                        . = ALIGN (0x4)
                0x20000000                        _sdata = .
 *(.data)
 *(.data*)
 .data.logic_tick_ms
                0x20000000        0x4 ./Core/Src/EngineC/engine.o
 .data.render_tick_ms
                0x20000004        0x4 ./Core/Src/EngineC/engine.o
 .data.LCD_HEIGHT
                0x20000008        0x2 ./Core/Src/ILI9341_STM32_Driver.o
                0x20000008                LCD_HEIGHT
 .data.LCD_WIDTH
                0x2000000a        0x2 ./Core/Src/ILI9341_STM32_Driver.o
                0x2000000a                LCD_WIDTH
 .data.SystemCoreClock
                0x2000000c        0x4 ./Core/Src/system_stm32g0xx.o
                0x2000000c                SystemCoreClock
 .data.spr_player_idle
                0x20000010        0x4 ./Core/Src/gameC/mario.o
 .data.spr_player_run_a
                0x20000014        0x4 ./Core/Src/gameC/mario.o
 .data.spr_player_run_b
                0x20000018        0x4 ./Core/Src/gameC/mario.o
 .data.anim_player_run
                0x2000001c        0x4 ./Core/Src/gameC/mario.o
 .data.spr_goomba
                0x20000020        0x4 ./Core/Src/gameC/mario.o
 .data.spr_coin
                0x20000024        0x4 ./Core/Src/gameC/mario.o
 .data.start_x  0x20000028        0x4 ./Core/Src/gameC/mario.o
 .data.score_dirty
                0x2000002c        0x4 ./Core/Src/gameC/mario.o
 .data.uwTickPrio
                0x20000030        0x4 ./Drivers/STM32G0xx_HAL_Driver/Src/stm32g0xx_hal.o
                0x20000030                uwTickPrio
 .data.uwTickFreq
                0x20000034        0x1 ./Drivers/STM32G0xx_HAL_Driver/Src/stm32g0xx_hal.o
                0x20000034                uwTickFreq
 *fill*         0x20000035        0x3 
 .data._impure_ptr
                0x20000038        0x4 D:/Student_App/STM/STM32CubeIDE_1.19.0/STM32CubeIDE/plugins/com.st.stm32cube.ide.mcu.externaltools.gnu-tools-for-stm32.13.3.rel1.win32_1.0.0.202411081344/tools/bin/../lib/gcc/arm-none-eabi/13.3.1/../../../../arm-none-eabi/lib/thumb/v6-m/nofp\libc_nano.a(libc_a-impure.o)
                0x20000038                _impure_ptr
 .data._impure_data
                0x2000003c       0x4c D:/Student_App/STM/STM32CubeIDE_1.19.0/STM32CubeIDE/plugins/com.st.stm32cube.ide.mcu.externaltools.gnu-tools-for-stm32.13.3.rel1.win32_1.0.0.202411081344/tools/bin/../lib/gcc/arm-none-eabi/13.3.1/../../../../arm-none-eabi/lib/thumb/v6-m/nofp\libc_nano.a(libc_a-impure.o)
                0x2000003c                _impure_data
 *(.RamFunc)
 *(.RamFunc*)
                0x20000088                        . = ALIGN (0x4)
                0x20000088                        _edata = .

.igot.plt       0x20000088        0x0 load address 0x08007c90
 .igot.plt      0x20000088        0x0 D:/Student_App/STM/STM32CubeIDE_1.19.0/STM32CubeIDE/plugins/com.st.stm32cube.ide.mcu.externaltools.gnu-tools-for-stm32.13.3.rel1.win32_1.0.0.202411081344/tools/bin/../lib/gcc/arm-none-eabi/13.3.1/thumb/v6-m/nofp/crtbegin.o
                0x20000088                        . = ALIGN (0x4)

.bss            0x20000088     0x2ca0 load address 0x08007c90
                0x20000088                        _sbss = .
                0x20000088                        __bss_start__ = _sbss
 *(.bss)
 .bss           0x20000088       0x1c D:/Student_App/STM/STM32CubeIDE_1.19.0/STM32CubeIDE/plugins/com.st.stm32cube.ide.mcu.externaltools.gnu-tools-for-stm32.13.3.rel1.win32_1.0.0.202411081344/tools/bin/../lib/gcc/arm-none-eabi/13.3.1/thumb/v6-m/nofp/crtbegin.o
 *(.bss*)
 .bss.sprites   0x200000a4      0x300 ./Core/Src/EngineC/gameobject.o
 .bss.sprite_count
                0x200003a4        0x4 ./Core/Src/EngineC/gameobject.o
 .bss.anims     0x200003a8      0x100 ./Core/Src/EngineC/gameobject.o
 .bss.anim_count
                0x200004a8        0x4 ./Core/Src/EngineC/gameobject.o
 .bss.objects   0x200004ac     0x1a00 ./Core/Src/EngineC/gameobject.o
 .bss.bg_cb     0x20001eac        0x4 ./Core/Src/EngineC/gameobject.o
 .bss.redraw_bg_color
                0x20001eb0        0x2 ./Core/Src/EngineC/gameobject.o
 .bss.latest_event
                0x20001eb2        0x1 ./Core/Src/EngineC/input.o
 .bss.last_up   0x20001eb3        0x1 ./Core/Src/EngineC/input.o
 .bss.last_down
                0x20001eb4        0x1 ./Core/Src/EngineC/input.o
 .bss.last_left
                0x20001eb5        0x1 ./Core/Src/EngineC/input.o
 .bss.last_right
                0x20001eb6        0x1 ./Core/Src/EngineC/input.o
 *fill*         0x20001eb7        0x1 
 .bss.t_up      0x20001eb8        0x4 ./Core/Src/EngineC/input.o
 .bss.t_down    0x20001ebc        0x4 ./Core/Src/EngineC/input.o
 .bss.t_left    0x20001ec0        0x4 ./Core/Src/EngineC/input.o
 .bss.t_right   0x20001ec4        0x4 ./Core/Src/EngineC/input.o
 .bss.queue     0x20001ec8      0x900 ./Core/Src/EngineC/render.o
 .bss.q_head    0x200027c8        0x4 ./Core/Src/EngineC/render.o
 .bss.q_count   0x200027cc        0x4 ./Core/Src/EngineC/render.o
 .bss.bg_color  0x200027d0        0x2 ./Core/Src/EngineC/render.o
 *fill*         0x200027d2        0x2 
 .bss.hspi1     0x200027d4       0x64 ./Core/Src/main.o
                0x200027d4                hspi1
 .bss.hdma_spi1_tx
                0x20002838       0x5c ./Core/Src/main.o
                0x20002838                hdma_spi1_tx
 .bss.huart2    0x20002894       0x94 ./Core/Src/main.o
                0x20002894                huart2
 .bss.__sbrk_heap_end
                0x20002928        0x4 ./Core/Src/sysmem.o
 .bss.player    0x2000292c        0x4 ./Core/Src/gameC/mario.o
 .bss.player_vx
                0x20002930        0x4 ./Core/Src/gameC/mario.o
 .bss.player_vy
                0x20002934        0x4 ./Core/Src/gameC/mario.o
 .bss.player_on_ground
                0x20002938        0x4 ./Core/Src/gameC/mario.o
 .bss.start_y   0x2000293c        0x4 ./Core/Src/gameC/mario.o
 .bss.score     0x20002940        0x4 ./Core/Src/gameC/mario.o
 .bss.enemies   0x20002944       0x40 ./Core/Src/gameC/mario.o
 .bss.blocks    0x20002984      0x200 ./Core/Src/gameC/mario.o
 .bss.block_count
                0x20002b84        0x4 ./Core/Src/gameC/mario.o
 .bss.coins     0x20002b88       0x40 ./Core/Src/gameC/mario.o
 .bss.coin_count
                0x20002bc8        0x4 ./Core/Src/gameC/mario.o
 .bss.f.0       0x20002bcc       0x10 ./Core/Src/gameC/mario.o
 .bss.uwTick    0x20002bdc        0x4 ./Drivers/STM32G0xx_HAL_Driver/Src/stm32g0xx_hal.o
                0x20002bdc                uwTick
 .bss.__sf      0x20002be0      0x138 D:/Student_App/STM/STM32CubeIDE_1.19.0/STM32CubeIDE/plugins/com.st.stm32cube.ide.mcu.externaltools.gnu-tools-for-stm32.13.3.rel1.win32_1.0.0.202411081344/tools/bin/../lib/gcc/arm-none-eabi/13.3.1/../../../../arm-none-eabi/lib/thumb/v6-m/nofp\libc_nano.a(libc_a-findfp.o)
                0x20002be0                __sf
 .bss.errno     0x20002d18        0x4 D:/Student_App/STM/STM32CubeIDE_1.19.0/STM32CubeIDE/plugins/com.st.stm32cube.ide.mcu.externaltools.gnu-tools-for-stm32.13.3.rel1.win32_1.0.0.202411081344/tools/bin/../lib/gcc/arm-none-eabi/13.3.1/../../../../arm-none-eabi/lib/thumb/v6-m/nofp\libc_nano.a(libc_a-reent.o)
                0x20002d18                errno
 .bss.__lock___malloc_recursive_mutex
                0x20002d1c        0x1 D:/Student_App/STM/STM32CubeIDE_1.19.0/STM32CubeIDE/plugins/com.st.stm32cube.ide.mcu.externaltools.gnu-tools-for-stm32.13.3.rel1.win32_1.0.0.202411081344/tools/bin/../lib/gcc/arm-none-eabi/13.3.1/../../../../arm-none-eabi/lib/thumb/v6-m/nofp\libc_nano.a(libc_a-lock.o)
                0x20002d1c                __lock___malloc_recursive_mutex
 *fill*         0x20002d1d        0x3 
 .bss.__malloc_sbrk_start
                0x20002d20        0x4 D:/Student_App/STM/STM32CubeIDE_1.19.0/STM32CubeIDE/plugins/com.st.stm32cube.ide.mcu.externaltools.gnu-tools-for-stm32.13.3.rel1.win32_1.0.0.202411081344/tools/bin/../lib/gcc/arm-none-eabi/13.3.1/../../../../arm-none-eabi/lib/thumb/v6-m/nofp\libc_nano.a(libc_a-mallocr.o)
                0x20002d20                __malloc_sbrk_start
 .bss.__malloc_free_list
                0x20002d24        0x4 D:/Student_App/STM/STM32CubeIDE_1.19.0/STM32CubeIDE/plugins/com.st.stm32cube.ide.mcu.externaltools.gnu-tools-for-stm32.13.3.rel1.win32_1.0.0.202411081344/tools/bin/../lib/gcc/arm-none-eabi/13.3.1/../../../../arm-none-eabi/lib/thumb/v6-m/nofp\libc_nano.a(libc_a-mallocr.o)
                0x20002d24                __malloc_free_list
 *(COMMON)
                0x20002d28                        . = ALIGN (0x4)
                0x20002d28                        _ebss = .
                0x20002d28                        __bss_end__ = _ebss

._user_heap_stack
                0x20002d28      0x600 load address 0x08007c90
                0x20002d28                        . = ALIGN (0x8)
                [!provide]                        PROVIDE (end = .)
                0x20002d28                        PROVIDE (_end = .)
                0x20002f28                        . = (. + _Min_Heap_Size)
 *fill*         0x20002d28      0x200 
                0x20003328                        . = (. + _Min_Stack_Size)
 *fill*         0x20002f28      0x400 
                0x20003328                        . = ALIGN (0x8)

/DISCARD/
 libc.a(*)
 libm.a(*)
 libgcc.a(*)

.ARM.attributes
                0x00000000       0x28
 *(.ARM.attributes)
 .ARM.attributes
                0x00000000       0x1e D:/Student_App/STM/STM32CubeIDE_1.19.0/STM32CubeIDE/plugins/com.st.stm32cube.ide.mcu.externaltools.gnu-tools-for-stm32.13.3.rel1.win32_1.0.0.202411081344/tools/bin/../lib/gcc/arm-none-eabi/13.3.1/thumb/v6-m/nofp/crti.o
 .ARM.attributes
                0x0000001e       0x2c D:/Student_App/STM/STM32CubeIDE_1.19.0/STM32CubeIDE/plugins/com.st.stm32cube.ide.mcu.externaltools.gnu-tools-for-stm32.13.3.rel1.win32_1.0.0.202411081344/tools/bin/../lib/gcc/arm-none-eabi/13.3.1/thumb/v6-m/nofp/crtbegin.o
 .ARM.attributes
                0x0000004a       0x2c ./Core/Src/EngineC/engine.o
 .ARM.attributes
                0x00000076       0x2c ./Core/Src/EngineC/gameobject.o
 .ARM.attributes
                0x000000a2       0x2c ./Core/Src/EngineC/input.o
 .ARM.attributes
                0x000000ce       0x2c ./Core/Src/EngineC/render.o
 .ARM.attributes
                0x000000fa       0x2c ./Core/Src/ILI9341_GFX.o
 .ARM.attributes
                0x00000126       0x2c ./Core/Src/ILI9341_STM32_Driver.o
 .ARM.attributes
                0x00000152       0x2c ./Core/Src/fonts.o
 .ARM.attributes
                0x0000017e       0x2c ./Core/Src/main.o
 .ARM.attributes
                0x000001aa       0x2c ./Core/Src/stm32g0xx_hal_msp.o
 .ARM.attributes
                0x000001d6       0x2c ./Core/Src/stm32g0xx_it.o
 .ARM.attributes
                0x00000202       0x2c ./Core/Src/sysmem.o
 .ARM.attributes
                0x0000022e       0x2c ./Core/Src/system_stm32g0xx.o
 .ARM.attributes
                0x0000025a       0x2c ./Core/Src/gameC/mario.o
 .ARM.attributes
                0x00000286       0x22 ./Core/Startup/startup_stm32g071rbtx.o
 .ARM.attributes
                0x000002a8       0x2c ./Drivers/STM32G0xx_HAL_Driver/Src/stm32g0xx_hal.o
 .ARM.attributes
                0x000002d4       0x2c ./Drivers/STM32G0xx_HAL_Driver/Src/stm32g0xx_hal_cortex.o
 .ARM.attributes
                0x00000300       0x2c ./Drivers/STM32G0xx_HAL_Driver/Src/stm32g0xx_hal_dma.o
 .ARM.attributes
                0x0000032c       0x2c ./Drivers/STM32G0xx_HAL_Driver/Src/stm32g0xx_hal_gpio.o
 .ARM.attributes
                0x00000358       0x2c ./Drivers/STM32G0xx_HAL_Driver/Src/stm32g0xx_hal_pwr_ex.o
 .ARM.attributes
                0x00000384       0x2c ./Drivers/STM32G0xx_HAL_Driver/Src/stm32g0xx_hal_rcc.o
 .ARM.attributes
                0x000003b0       0x2c ./Drivers/STM32G0xx_HAL_Driver/Src/stm32g0xx_hal_rcc_ex.o
 .ARM.attributes
                0x000003dc       0x2c ./Drivers/STM32G0xx_HAL_Driver/Src/stm32g0xx_hal_spi.o
 .ARM.attributes
                0x00000408       0x2c ./Drivers/STM32G0xx_HAL_Driver/Src/stm32g0xx_hal_uart.o
 .ARM.attributes
                0x00000434       0x2c ./Drivers/STM32G0xx_HAL_Driver/Src/stm32g0xx_hal_uart_ex.o
 .ARM.attributes
                0x00000460       0x2c D:/Student_App/STM/STM32CubeIDE_1.19.0/STM32CubeIDE/plugins/com.st.stm32cube.ide.mcu.externaltools.gnu-tools-for-stm32.13.3.rel1.win32_1.0.0.202411081344/tools/bin/../lib/gcc/arm-none-eabi/13.3.1/../../../../arm-none-eabi/lib/thumb/v6-m/nofp\libc_nano.a(libc_a-findfp.o)
 .ARM.attributes
                0x0000048c       0x2c D:/Student_App/STM/STM32CubeIDE_1.19.0/STM32CubeIDE/plugins/com.st.stm32cube.ide.mcu.externaltools.gnu-tools-for-stm32.13.3.rel1.win32_1.0.0.202411081344/tools/bin/../lib/gcc/arm-none-eabi/13.3.1/../../../../arm-none-eabi/lib/thumb/v6-m/nofp\libc_nano.a(libc_a-sprintf.o)
 .ARM.attributes
                0x000004b8       0x2c D:/Student_App/STM/STM32CubeIDE_1.19.0/STM32CubeIDE/plugins/com.st.stm32cube.ide.mcu.externaltools.gnu-tools-for-stm32.13.3.rel1.win32_1.0.0.202411081344/tools/bin/../lib/gcc/arm-none-eabi/13.3.1/../../../../arm-none-eabi/lib/thumb/v6-m/nofp\libc_nano.a(libc_a-memset.o)
 .ARM.attributes
                0x000004e4       0x2c D:/Student_App/STM/STM32CubeIDE_1.19.0/STM32CubeIDE/plugins/com.st.stm32cube.ide.mcu.externaltools.gnu-tools-for-stm32.13.3.rel1.win32_1.0.0.202411081344/tools/bin/../lib/gcc/arm-none-eabi/13.3.1/../../../../arm-none-eabi/lib/thumb/v6-m/nofp\libc_nano.a(libc_a-reent.o)
 .ARM.attributes
                0x00000510       0x2c D:/Student_App/STM/STM32CubeIDE_1.19.0/STM32CubeIDE/plugins/com.st.stm32cube.ide.mcu.externaltools.gnu-tools-for-stm32.13.3.rel1.win32_1.0.0.202411081344/tools/bin/../lib/gcc/arm-none-eabi/13.3.1/../../../../arm-none-eabi/lib/thumb/v6-m/nofp\libc_nano.a(libc_a-impure.o)
 .ARM.attributes
                0x0000053c       0x2c D:/Student_App/STM/STM32CubeIDE_1.19.0/STM32CubeIDE/plugins/com.st.stm32cube.ide.mcu.externaltools.gnu-tools-for-stm32.13.3.rel1.win32_1.0.0.202411081344/tools/bin/../lib/gcc/arm-none-eabi/13.3.1/../../../../arm-none-eabi/lib/thumb/v6-m/nofp\libc_nano.a(libc_a-errno.o)
 .ARM.attributes
                0x00000568       0x2c D:/Student_App/STM/STM32CubeIDE_1.19.0/STM32CubeIDE/plugins/com.st.stm32cube.ide.mcu.externaltools.gnu-tools-for-stm32.13.3.rel1.win32_1.0.0.202411081344/tools/bin/../lib/gcc/arm-none-eabi/13.3.1/../../../../arm-none-eabi/lib/thumb/v6-m/nofp\libc_nano.a(libc_a-init.o)
 .ARM.attributes
                0x00000594       0x2c D:/Student_App/STM/STM32CubeIDE_1.19.0/STM32CubeIDE/plugins/com.st.stm32cube.ide.mcu.externaltools.gnu-tools-for-stm32.13.3.rel1.win32_1.0.0.202411081344/tools/bin/../lib/gcc/arm-none-eabi/13.3.1/../../../../arm-none-eabi/lib/thumb/v6-m/nofp\libc_nano.a(libc_a-lock.o)
 .ARM.attributes
                0x000005c0       0x2c D:/Student_App/STM/STM32CubeIDE_1.19.0/STM32CubeIDE/plugins/com.st.stm32cube.ide.mcu.externaltools.gnu-tools-for-stm32.13.3.rel1.win32_1.0.0.202411081344/tools/bin/../lib/gcc/arm-none-eabi/13.3.1/../../../../arm-none-eabi/lib/thumb/v6-m/nofp\libc_nano.a(libc_a-freer.o)
 .ARM.attributes
                0x000005ec       0x2c D:/Student_App/STM/STM32CubeIDE_1.19.0/STM32CubeIDE/plugins/com.st.stm32cube.ide.mcu.externaltools.gnu-tools-for-stm32.13.3.rel1.win32_1.0.0.202411081344/tools/bin/../lib/gcc/arm-none-eabi/13.3.1/../../../../arm-none-eabi/lib/thumb/v6-m/nofp\libc_nano.a(libc_a-mallocr.o)
 .ARM.attributes
                0x00000618       0x2c D:/Student_App/STM/STM32CubeIDE_1.19.0/STM32CubeIDE/plugins/com.st.stm32cube.ide.mcu.externaltools.gnu-tools-for-stm32.13.3.rel1.win32_1.0.0.202411081344/tools/bin/../lib/gcc/arm-none-eabi/13.3.1/../../../../arm-none-eabi/lib/thumb/v6-m/nofp\libc_nano.a(libc_a-mlock.o)
 .ARM.attributes
                0x00000644       0x2c D:/Student_App/STM/STM32CubeIDE_1.19.0/STM32CubeIDE/plugins/com.st.stm32cube.ide.mcu.externaltools.gnu-tools-for-stm32.13.3.rel1.win32_1.0.0.202411081344/tools/bin/../lib/gcc/arm-none-eabi/13.3.1/../../../../arm-none-eabi/lib/thumb/v6-m/nofp\libc_nano.a(libc_a-nano-svfprintf.o)
 .ARM.attributes
                0x00000670       0x2c D:/Student_App/STM/STM32CubeIDE_1.19.0/STM32CubeIDE/plugins/com.st.stm32cube.ide.mcu.externaltools.gnu-tools-for-stm32.13.3.rel1.win32_1.0.0.202411081344/tools/bin/../lib/gcc/arm-none-eabi/13.3.1/../../../../arm-none-eabi/lib/thumb/v6-m/nofp\libc_nano.a(libc_a-nano-vfprintf_i.o)
 .ARM.attributes
                0x0000069c       0x2c D:/Student_App/STM/STM32CubeIDE_1.19.0/STM32CubeIDE/plugins/com.st.stm32cube.ide.mcu.externaltools.gnu-tools-for-stm32.13.3.rel1.win32_1.0.0.202411081344/tools/bin/../lib/gcc/arm-none-eabi/13.3.1/../../../../arm-none-eabi/lib/thumb/v6-m/nofp\libc_nano.a(libc_a-memmove.o)
 .ARM.attributes
                0x000006c8       0x2c D:/Student_App/STM/STM32CubeIDE_1.19.0/STM32CubeIDE/plugins/com.st.stm32cube.ide.mcu.externaltools.gnu-tools-for-stm32.13.3.rel1.win32_1.0.0.202411081344/tools/bin/../lib/gcc/arm-none-eabi/13.3.1/../../../../arm-none-eabi/lib/thumb/v6-m/nofp\libc_nano.a(libc_a-sbrkr.o)
 .ARM.attributes
                0x000006f4       0x2c D:/Student_App/STM/STM32CubeIDE_1.19.0/STM32CubeIDE/plugins/com.st.stm32cube.ide.mcu.externaltools.gnu-tools-for-stm32.13.3.rel1.win32_1.0.0.202411081344/tools/bin/../lib/gcc/arm-none-eabi/13.3.1/../../../../arm-none-eabi/lib/thumb/v6-m/nofp\libc_nano.a(libc_a-memchr-stub.o)
 .ARM.attributes
                0x00000720       0x2c D:/Student_App/STM/STM32CubeIDE_1.19.0/STM32CubeIDE/plugins/com.st.stm32cube.ide.mcu.externaltools.gnu-tools-for-stm32.13.3.rel1.win32_1.0.0.202411081344/tools/bin/../lib/gcc/arm-none-eabi/13.3.1/../../../../arm-none-eabi/lib/thumb/v6-m/nofp\libc_nano.a(libc_a-memcpy-stub.o)
 .ARM.attributes
                0x0000074c       0x2c D:/Student_App/STM/STM32CubeIDE_1.19.0/STM32CubeIDE/plugins/com.st.stm32cube.ide.mcu.externaltools.gnu-tools-for-stm32.13.3.rel1.win32_1.0.0.202411081344/tools/bin/../lib/gcc/arm-none-eabi/13.3.1/../../../../arm-none-eabi/lib/thumb/v6-m/nofp\libc_nano.a(libc_a-reallocr.o)
 .ARM.attributes
                0x00000778       0x2c D:/Student_App/STM/STM32CubeIDE_1.19.0/STM32CubeIDE/plugins/com.st.stm32cube.ide.mcu.externaltools.gnu-tools-for-stm32.13.3.rel1.win32_1.0.0.202411081344/tools/bin/../lib/gcc/arm-none-eabi/13.3.1/../../../../arm-none-eabi/lib/thumb/v6-m/nofp\libc_nano.a(libc_a-msizer.o)
 .ARM.attributes
                0x000007a4       0x1e D:/Student_App/STM/STM32CubeIDE_1.19.0/STM32CubeIDE/plugins/com.st.stm32cube.ide.mcu.externaltools.gnu-tools-for-stm32.13.3.rel1.win32_1.0.0.202411081344/tools/bin/../lib/gcc/arm-none-eabi/13.3.1/thumb/v6-m/nofp\libgcc.a(_thumb1_case_shi.o)
 .ARM.attributes
                0x000007c2       0x1e D:/Student_App/STM/STM32CubeIDE_1.19.0/STM32CubeIDE/plugins/com.st.stm32cube.ide.mcu.externaltools.gnu-tools-for-stm32.13.3.rel1.win32_1.0.0.202411081344/tools/bin/../lib/gcc/arm-none-eabi/13.3.1/thumb/v6-m/nofp\libgcc.a(_udivsi3.o)
 .ARM.attributes
                0x000007e0       0x1e D:/Student_App/STM/STM32CubeIDE_1.19.0/STM32CubeIDE/plugins/com.st.stm32cube.ide.mcu.externaltools.gnu-tools-for-stm32.13.3.rel1.win32_1.0.0.202411081344/tools/bin/../lib/gcc/arm-none-eabi/13.3.1/thumb/v6-m/nofp\libgcc.a(_divsi3.o)
 .ARM.attributes
                0x000007fe       0x1e D:/Student_App/STM/STM32CubeIDE_1.19.0/STM32CubeIDE/plugins/com.st.stm32cube.ide.mcu.externaltools.gnu-tools-for-stm32.13.3.rel1.win32_1.0.0.202411081344/tools/bin/../lib/gcc/arm-none-eabi/13.3.1/thumb/v6-m/nofp\libgcc.a(_dvmd_tls.o)
 .ARM.attributes
                0x0000081c       0x1e D:/Student_App/STM/STM32CubeIDE_1.19.0/STM32CubeIDE/plugins/com.st.stm32cube.ide.mcu.externaltools.gnu-tools-for-stm32.13.3.rel1.win32_1.0.0.202411081344/tools/bin/../lib/gcc/arm-none-eabi/13.3.1/thumb/v6-m/nofp\libgcc.a(_aeabi_uldivmod.o)
 .ARM.attributes
                0x0000083a       0x2c D:/Student_App/STM/STM32CubeIDE_1.19.0/STM32CubeIDE/plugins/com.st.stm32cube.ide.mcu.externaltools.gnu-tools-for-stm32.13.3.rel1.win32_1.0.0.202411081344/tools/bin/../lib/gcc/arm-none-eabi/13.3.1/thumb/v6-m/nofp\libgcc.a(_udivmoddi4.o)
 .ARM.attributes
                0x00000866       0x1e D:/Student_App/STM/STM32CubeIDE_1.19.0/STM32CubeIDE/plugins/com.st.stm32cube.ide.mcu.externaltools.gnu-tools-for-stm32.13.3.rel1.win32_1.0.0.202411081344/tools/bin/../lib/gcc/arm-none-eabi/13.3.1/thumb/v6-m/nofp\libgcc.a(_clzsi2.o)
 .ARM.attributes
                0x00000884       0x1e D:/Student_App/STM/STM32CubeIDE_1.19.0/STM32CubeIDE/plugins/com.st.stm32cube.ide.mcu.externaltools.gnu-tools-for-stm32.13.3.rel1.win32_1.0.0.202411081344/tools/bin/../lib/gcc/arm-none-eabi/13.3.1/thumb/v6-m/nofp\libgcc.a(_clzdi2.o)
 .ARM.attributes
                0x000008a2       0x1e D:/Student_App/STM/STM32CubeIDE_1.19.0/STM32CubeIDE/plugins/com.st.stm32cube.ide.mcu.externaltools.gnu-tools-for-stm32.13.3.rel1.win32_1.0.0.202411081344/tools/bin/../lib/gcc/arm-none-eabi/13.3.1/thumb/v6-m/nofp/crtn.o
OUTPUT(GameRender.elf elf32-littlearm)
LOAD linker stubs
LOAD D:/Student_App/STM/STM32CubeIDE_1.19.0/STM32CubeIDE/plugins/com.st.stm32cube.ide.mcu.externaltools.gnu-tools-for-stm32.13.3.rel1.win32_1.0.0.202411081344/tools/bin/../lib/gcc/arm-none-eabi/13.3.1/../../../../arm-none-eabi/lib/thumb/v6-m/nofp\libc.a
LOAD D:/Student_App/STM/STM32CubeIDE_1.19.0/STM32CubeIDE/plugins/com.st.stm32cube.ide.mcu.externaltools.gnu-tools-for-stm32.13.3.rel1.win32_1.0.0.202411081344/tools/bin/../lib/gcc/arm-none-eabi/13.3.1/../../../../arm-none-eabi/lib/thumb/v6-m/nofp\libm.a
LOAD D:/Student_App/STM/STM32CubeIDE_1.19.0/STM32CubeIDE/plugins/com.st.stm32cube.ide.mcu.externaltools.gnu-tools-for-stm32.13.3.rel1.win32_1.0.0.202411081344/tools/bin/../lib/gcc/arm-none-eabi/13.3.1/thumb/v6-m/nofp\libgcc.a

.debug_info     0x00000000    0x108ee
 .debug_info    0x00000000      0x241 ./Core/Src/EngineC/engine.o
 .debug_info    0x00000241      0x82e ./Core/Src/EngineC/gameobject.o
 .debug_info    0x00000a6f      0x399 ./Core/Src/EngineC/input.o
 .debug_info    0x00000e08      0x642 ./Core/Src/EngineC/render.o
 .debug_info    0x0000144a      0x6be ./Core/Src/ILI9341_GFX.o
 .debug_info    0x00001b08      0xc88 ./Core/Src/ILI9341_STM32_Driver.o
 .debug_info    0x00002790      0x159 ./Core/Src/fonts.o
 .debug_info    0x000028e9     0x1252 ./Core/Src/main.o
 .debug_info    0x00003b3b      0xf71 ./Core/Src/stm32g0xx_hal_msp.o
 .debug_info    0x00004aac      0x444 ./Core/Src/stm32g0xx_it.o
 .debug_info    0x00004ef0      0x168 ./Core/Src/sysmem.o
 .debug_info    0x00005058      0x316 ./Core/Src/system_stm32g0xx.o
 .debug_info    0x0000536e      0xaa7 ./Core/Src/gameC/mario.o
 .debug_info    0x00005e15       0x30 ./Core/Startup/startup_stm32g071rbtx.o
 .debug_info    0x00005e45      0xa34 ./Drivers/STM32G0xx_HAL_Driver/Src/stm32g0xx_hal.o
 .debug_info    0x00006879      0x8d9 ./Drivers/STM32G0xx_HAL_Driver/Src/stm32g0xx_hal_cortex.o
 .debug_info    0x00007152      0x860 ./Drivers/STM32G0xx_HAL_Driver/Src/stm32g0xx_hal_dma.o
 .debug_info    0x000079b2      0x5b9 ./Drivers/STM32G0xx_HAL_Driver/Src/stm32g0xx_hal_gpio.o
 .debug_info    0x00007f6b      0x7c1 ./Drivers/STM32G0xx_HAL_Driver/Src/stm32g0xx_hal_pwr_ex.o
 .debug_info    0x0000872c      0xb1b ./Drivers/STM32G0xx_HAL_Driver/Src/stm32g0xx_hal_rcc.o
 .debug_info    0x00009247      0x77f ./Drivers/STM32G0xx_HAL_Driver/Src/stm32g0xx_hal_rcc_ex.o
 .debug_info    0x000099c6     0x1726 ./Drivers/STM32G0xx_HAL_Driver/Src/stm32g0xx_hal_spi.o
 .debug_info    0x0000b0ec     0x4859 ./Drivers/STM32G0xx_HAL_Driver/Src/stm32g0xx_hal_uart.o
 .debug_info    0x0000f945      0xfa9 ./Drivers/STM32G0xx_HAL_Driver/Src/stm32g0xx_hal_uart_ex.o

.debug_abbrev   0x00000000     0x2eb9
 .debug_abbrev  0x00000000      0x155 ./Core/Src/EngineC/engine.o
 .debug_abbrev  0x00000155      0x1ce ./Core/Src/EngineC/gameobject.o
 .debug_abbrev  0x00000323      0x1aa ./Core/Src/EngineC/input.o
 .debug_abbrev  0x000004cd      0x1fb ./Core/Src/EngineC/render.o
 .debug_abbrev  0x000006c8      0x125 ./Core/Src/ILI9341_GFX.o
 .debug_abbrev  0x000007ed      0x29d ./Core/Src/ILI9341_STM32_Driver.o
 .debug_abbrev  0x00000a8a       0x8e ./Core/Src/fonts.o
 .debug_abbrev  0x00000b18      0x2c4 ./Core/Src/main.o
 .debug_abbrev  0x00000ddc      0x1e4 ./Core/Src/stm32g0xx_hal_msp.o
 .debug_abbrev  0x00000fc0      0x1a8 ./Core/Src/stm32g0xx_it.o
 .debug_abbrev  0x00001168       0xbc ./Core/Src/sysmem.o
 .debug_abbrev  0x00001224      0x119 ./Core/Src/system_stm32g0xx.o
 .debug_abbrev  0x0000133d      0x267 ./Core/Src/gameC/mario.o
 .debug_abbrev  0x000015a4       0x24 ./Core/Startup/startup_stm32g071rbtx.o
 .debug_abbrev  0x000015c8      0x2b2 ./Drivers/STM32G0xx_HAL_Driver/Src/stm32g0xx_hal.o
 .debug_abbrev  0x0000187a      0x2ab ./Drivers/STM32G0xx_HAL_Driver/Src/stm32g0xx_hal_cortex.o
 .debug_abbrev  0x00001b25      0x22b ./Drivers/STM32G0xx_HAL_Driver/Src/stm32g0xx_hal_dma.o
 .debug_abbrev  0x00001d50      0x1c8 ./Drivers/STM32G0xx_HAL_Driver/Src/stm32g0xx_hal_gpio.o
 .debug_abbrev  0x00001f18      0x238 ./Drivers/STM32G0xx_HAL_Driver/Src/stm32g0xx_hal_pwr_ex.o
 .debug_abbrev  0x00002150      0x2aa ./Drivers/STM32G0xx_HAL_Driver/Src/stm32g0xx_hal_rcc.o
 .debug_abbrev  0x000023fa      0x229 ./Drivers/STM32G0xx_HAL_Driver/Src/stm32g0xx_hal_rcc_ex.o
 .debug_abbrev  0x00002623      0x290 ./Drivers/STM32G0xx_HAL_Driver/Src/stm32g0xx_hal_spi.o
 .debug_abbrev  0x000028b3      0x322 ./Drivers/STM32G0xx_HAL_Driver/Src/stm32g0xx_hal_uart.o
 .debug_abbrev  0x00002bd5      0x2e4 ./Drivers/STM32G0xx_HAL_Driver/Src/stm32g0xx_hal_uart_ex.o

.debug_aranges  0x00000000      0xdd8
 .debug_aranges
                0x00000000       0x38 ./Core/Src/EngineC/engine.o
 .debug_aranges
                0x00000038       0xa8 ./Core/Src/EngineC/gameobject.o
 .debug_aranges
                0x000000e0       0x40 ./Core/Src/EngineC/input.o
 .debug_aranges
                0x00000120       0x58 ./Core/Src/EngineC/render.o
 .debug_aranges
                0x00000178       0x58 ./Core/Src/ILI9341_GFX.o
 .debug_aranges
                0x000001d0       0xa8 ./Core/Src/ILI9341_STM32_Driver.o
 .debug_aranges
                0x00000278       0x18 ./Core/Src/fonts.o
 .debug_aranges
                0x00000290       0x50 ./Core/Src/main.o
 .debug_aranges
                0x000002e0       0x40 ./Core/Src/stm32g0xx_hal_msp.o
 .debug_aranges
                0x00000320       0x48 ./Core/Src/stm32g0xx_it.o
 .debug_aranges
                0x00000368       0x20 ./Core/Src/sysmem.o
 .debug_aranges
                0x00000388       0x28 ./Core/Src/system_stm32g0xx.o
 .debug_aranges
                0x000003b0       0x70 ./Core/Src/gameC/mario.o
 .debug_aranges
                0x00000420       0x28 ./Core/Startup/startup_stm32g071rbtx.o
 .debug_aranges
                0x00000448      0x120 ./Drivers/STM32G0xx_HAL_Driver/Src/stm32g0xx_hal.o
 .debug_aranges
                0x00000568       0xe8 ./Drivers/STM32G0xx_HAL_Driver/Src/stm32g0xx_hal_cortex.o
 .debug_aranges
                0x00000650       0x90 ./Drivers/STM32G0xx_HAL_Driver/Src/stm32g0xx_hal_dma.o
 .debug_aranges
                0x000006e0       0x60 ./Drivers/STM32G0xx_HAL_Driver/Src/stm32g0xx_hal_gpio.o
 .debug_aranges
                0x00000740       0xf0 ./Drivers/STM32G0xx_HAL_Driver/Src/stm32g0xx_hal_pwr_ex.o
 .debug_aranges
                0x00000830       0xa0 ./Drivers/STM32G0xx_HAL_Driver/Src/stm32g0xx_hal_rcc.o
 .debug_aranges
                0x000008d0       0x40 ./Drivers/STM32G0xx_HAL_Driver/Src/stm32g0xx_hal_rcc_ex.o
 .debug_aranges
                0x00000910      0x1d8 ./Drivers/STM32G0xx_HAL_Driver/Src/stm32g0xx_hal_spi.o
 .debug_aranges
                0x00000ae8      0x248 ./Drivers/STM32G0xx_HAL_Driver/Src/stm32g0xx_hal_uart.o
 .debug_aranges
                0x00000d30       0xa8 ./Drivers/STM32G0xx_HAL_Driver/Src/stm32g0xx_hal_uart_ex.o

.debug_rnglists
                0x00000000      0xabc
 .debug_rnglists
                0x00000000       0x26 ./Core/Src/EngineC/engine.o
 .debug_rnglists
                0x00000026       0x8f ./Core/Src/EngineC/gameobject.o
 .debug_rnglists
                0x000000b5       0x2c ./Core/Src/EngineC/input.o
 .debug_rnglists
                0x000000e1       0x4f ./Core/Src/EngineC/render.o
 .debug_rnglists
                0x00000130       0x44 ./Core/Src/ILI9341_GFX.o
 .debug_rnglists
                0x00000174       0x81 ./Core/Src/ILI9341_STM32_Driver.o
 .debug_rnglists
                0x000001f5       0x3a ./Core/Src/main.o
 .debug_rnglists
                0x0000022f       0x2d ./Core/Src/stm32g0xx_hal_msp.o
 .debug_rnglists
                0x0000025c       0x31 ./Core/Src/stm32g0xx_it.o
 .debug_rnglists
                0x0000028d       0x13 ./Core/Src/sysmem.o
 .debug_rnglists
                0x000002a0       0x1a ./Core/Src/system_stm32g0xx.o
 .debug_rnglists
                0x000002ba       0x61 ./Core/Src/gameC/mario.o
 .debug_rnglists
                0x0000031b       0x19 ./Core/Startup/startup_stm32g071rbtx.o
 .debug_rnglists
                0x00000334       0xd4 ./Drivers/STM32G0xx_HAL_Driver/Src/stm32g0xx_hal.o
 .debug_rnglists
                0x00000408       0xaa ./Drivers/STM32G0xx_HAL_Driver/Src/stm32g0xx_hal_cortex.o
 .debug_rnglists
                0x000004b2       0x72 ./Drivers/STM32G0xx_HAL_Driver/Src/stm32g0xx_hal_dma.o
 .debug_rnglists
                0x00000524       0x45 ./Drivers/STM32G0xx_HAL_Driver/Src/stm32g0xx_hal_gpio.o
 .debug_rnglists
                0x00000569       0xb5 ./Drivers/STM32G0xx_HAL_Driver/Src/stm32g0xx_hal_pwr_ex.o
 .debug_rnglists
                0x0000061e       0x79 ./Drivers/STM32G0xx_HAL_Driver/Src/stm32g0xx_hal_rcc.o
 .debug_rnglists
                0x00000697       0x30 ./Drivers/STM32G0xx_HAL_Driver/Src/stm32g0xx_hal_rcc_ex.o
 .debug_rnglists
                0x000006c7      0x17a ./Drivers/STM32G0xx_HAL_Driver/Src/stm32g0xx_hal_spi.o
 .debug_rnglists
                0x00000841      0x1fb ./Drivers/STM32G0xx_HAL_Driver/Src/stm32g0xx_hal_uart.o
 .debug_rnglists
                0x00000a3c       0x80 ./Drivers/STM32G0xx_HAL_Driver/Src/stm32g0xx_hal_uart_ex.o

.debug_macro    0x00000000    0x1967c
 .debug_macro   0x00000000      0x2f2 ./Core/Src/EngineC/engine.o
 .debug_macro   0x000002f2      0xaae ./Core/Src/EngineC/engine.o
 .debug_macro   0x00000da0       0x22 ./Core/Src/EngineC/engine.o
 .debug_macro   0x00000dc2       0x8e ./Core/Src/EngineC/engine.o
 .debug_macro   0x00000e50       0x51 ./Core/Src/EngineC/engine.o
 .debug_macro   0x00000ea1      0x103 ./Core/Src/EngineC/engine.o
 .debug_macro   0x00000fa4       0x6a ./Core/Src/EngineC/engine.o
 .debug_macro   0x0000100e      0x1df ./Core/Src/EngineC/engine.o
 .debug_macro   0x000011ed      0x190 ./Core/Src/EngineC/engine.o
 .debug_macro   0x0000137d      0x11d ./Core/Src/EngineC/engine.o
 .debug_macro   0x0000149a       0x2e ./Core/Src/EngineC/engine.o
 .debug_macro   0x000014c8       0x28 ./Core/Src/EngineC/engine.o
 .debug_macro   0x000014f0       0x1c ./Core/Src/EngineC/engine.o
 .debug_macro   0x0000150c       0x22 ./Core/Src/EngineC/engine.o
 .debug_macro   0x0000152e       0xd1 ./Core/Src/EngineC/engine.o
 .debug_macro   0x000015ff      0x4da ./Core/Src/EngineC/engine.o
 .debug_macro   0x00001ad9      0x11f ./Core/Src/EngineC/engine.o
 .debug_macro   0x00001bf8     0xc753 ./Core/Src/EngineC/engine.o
 .debug_macro   0x0000e34b       0x66 ./Core/Src/EngineC/engine.o
 .debug_macro   0x0000e3b1     0x350e ./Core/Src/EngineC/engine.o
 .debug_macro   0x000118bf       0x5c ./Core/Src/EngineC/engine.o
 .debug_macro   0x0001191b      0x56c ./Core/Src/EngineC/engine.o
 .debug_macro   0x00011e87     0x1122 ./Core/Src/EngineC/engine.o
 .debug_macro   0x00012fa9      0x264 ./Core/Src/EngineC/engine.o
 .debug_macro   0x0001320d      0x1cf ./Core/Src/EngineC/engine.o
 .debug_macro   0x000133dc      0x1d8 ./Core/Src/EngineC/engine.o
 .debug_macro   0x000135b4      0x426 ./Core/Src/EngineC/engine.o
 .debug_macro   0x000139da      0x280 ./Core/Src/EngineC/engine.o
 .debug_macro   0x00013c5a      0x3a7 ./Core/Src/EngineC/engine.o
 .debug_macro   0x00014001      0x1b2 ./Core/Src/EngineC/engine.o
 .debug_macro   0x000141b3       0x43 ./Core/Src/EngineC/engine.o
 .debug_macro   0x000141f6      0x1f1 ./Core/Src/EngineC/engine.o
 .debug_macro   0x000143e7      0x1d6 ./Core/Src/EngineC/engine.o
 .debug_macro   0x000145bd      0x38a ./Core/Src/EngineC/engine.o
 .debug_macro   0x00014947       0x28 ./Core/Src/EngineC/engine.o
 .debug_macro   0x0001496f       0xe4 ./Core/Src/EngineC/engine.o
 .debug_macro   0x00014a53      0x125 ./Core/Src/EngineC/engine.o
 .debug_macro   0x00014b78      0x240 ./Core/Src/EngineC/engine.o
 .debug_macro   0x00014db8      0x2fe ./Core/Src/EngineC/engine.o
 .debug_macro   0x000150b6      0x693 ./Core/Src/EngineC/engine.o
 .debug_macro   0x00015749       0xa6 ./Core/Src/EngineC/engine.o
 .debug_macro   0x000157ef      0x4f2 ./Core/Src/EngineC/engine.o
 .debug_macro   0x00015ce1       0xca ./Core/Src/EngineC/engine.o
 .debug_macro   0x00015dab       0x22 ./Core/Src/EngineC/engine.o
 .debug_macro   0x00015dcd       0x61 ./Core/Src/EngineC/engine.o
 .debug_macro   0x00015e2e       0x24 ./Core/Src/EngineC/engine.o
 .debug_macro   0x00015e52       0x43 ./Core/Src/EngineC/engine.o
 .debug_macro   0x00015e95       0x34 ./Core/Src/EngineC/engine.o
 .debug_macro   0x00015ec9      0x370 ./Core/Src/EngineC/engine.o
 .debug_macro   0x00016239       0x16 ./Core/Src/EngineC/engine.o
 .debug_macro   0x0001624f       0x4a ./Core/Src/EngineC/engine.o
 .debug_macro   0x00016299       0x34 ./Core/Src/EngineC/engine.o
 .debug_macro   0x000162cd       0x10 ./Core/Src/EngineC/engine.o
 .debug_macro   0x000162dd       0x58 ./Core/Src/EngineC/engine.o
 .debug_macro   0x00016335       0x8e ./Core/Src/EngineC/engine.o
 .debug_macro   0x000163c3       0x1c ./Core/Src/EngineC/engine.o
 .debug_macro   0x000163df      0x185 ./Core/Src/EngineC/engine.o
 .debug_macro   0x00016564       0x10 ./Core/Src/EngineC/engine.o
 .debug_macro   0x00016574       0x3c ./Core/Src/EngineC/engine.o
 .debug_macro   0x000165b0       0x20 ./Core/Src/EngineC/engine.o
 .debug_macro   0x000165d0      0x2ed ./Core/Src/EngineC/gameobject.o
 .debug_macro   0x000168bd      0x226 ./Core/Src/EngineC/input.o
 .debug_macro   0x00016ae3      0x2e5 ./Core/Src/EngineC/render.o
 .debug_macro   0x00016dc8       0x10 ./Core/Src/EngineC/render.o
 .debug_macro   0x00016dd8      0x207 ./Core/Src/ILI9341_GFX.o
 .debug_macro   0x00016fdf      0x1ef ./Core/Src/ILI9341_STM32_Driver.o
 .debug_macro   0x000171ce       0x72 ./Core/Src/fonts.o
 .debug_macro   0x00017240       0x1c ./Core/Src/fonts.o
 .debug_macro   0x0001725c      0x237 ./Core/Src/main.o
 .debug_macro   0x00017493       0x7c ./Core/Src/main.o
 .debug_macro   0x0001750f       0xd0 ./Core/Src/main.o
 .debug_macro   0x000175df      0x1ef ./Core/Src/stm32g0xx_hal_msp.o
 .debug_macro   0x000177ce      0x1f9 ./Core/Src/stm32g0xx_it.o
 .debug_macro   0x000179c7      0x112 ./Core/Src/sysmem.o
 .debug_macro   0x00017ad9      0x23c ./Core/Src/sysmem.o
 .debug_macro   0x00017d15      0x1e0 ./Core/Src/system_stm32g0xx.o
 .debug_macro   0x00017ef5      0x397 ./Core/Src/gameC/mario.o
 .debug_macro   0x0001828c       0x16 ./Core/Src/gameC/mario.o
 .debug_macro   0x000182a2       0x16 ./Core/Src/gameC/mario.o
 .debug_macro   0x000182b8       0x16 ./Core/Src/gameC/mario.o
 .debug_macro   0x000182ce      0x204 ./Drivers/STM32G0xx_HAL_Driver/Src/stm32g0xx_hal.o
 .debug_macro   0x000184d2      0x1e0 ./Drivers/STM32G0xx_HAL_Driver/Src/stm32g0xx_hal_cortex.o
 .debug_macro   0x000186b2      0x1e0 ./Drivers/STM32G0xx_HAL_Driver/Src/stm32g0xx_hal_dma.o
 .debug_macro   0x00018892      0x1e7 ./Drivers/STM32G0xx_HAL_Driver/Src/stm32g0xx_hal_gpio.o
 .debug_macro   0x00018a79      0x20a ./Drivers/STM32G0xx_HAL_Driver/Src/stm32g0xx_hal_pwr_ex.o
 .debug_macro   0x00018c83      0x222 ./Drivers/STM32G0xx_HAL_Driver/Src/stm32g0xx_hal_rcc.o
 .debug_macro   0x00018ea5      0x1f8 ./Drivers/STM32G0xx_HAL_Driver/Src/stm32g0xx_hal_rcc_ex.o
 .debug_macro   0x0001909d      0x1e8 ./Drivers/STM32G0xx_HAL_Driver/Src/stm32g0xx_hal_spi.o
 .debug_macro   0x00019285      0x20b ./Drivers/STM32G0xx_HAL_Driver/Src/stm32g0xx_hal_uart.o
 .debug_macro   0x00019490      0x1ec ./Drivers/STM32G0xx_HAL_Driver/Src/stm32g0xx_hal_uart_ex.o

.debug_line     0x00000000    0x143a4
 .debug_line    0x00000000      0xad8 ./Core/Src/EngineC/engine.o
 .debug_line    0x00000ad8     0x1157 ./Core/Src/EngineC/gameobject.o
 .debug_line    0x00001c2f      0x948 ./Core/Src/EngineC/input.o
 .debug_line    0x00002577      0xcd5 ./Core/Src/EngineC/render.o
 .debug_line    0x0000324c      0xabf ./Core/Src/ILI9341_GFX.o
 .debug_line    0x00003d0b      0xb42 ./Core/Src/ILI9341_STM32_Driver.o
 .debug_line    0x0000484d      0x40e ./Core/Src/fonts.o
 .debug_line    0x00004c5b      0x9ab ./Core/Src/main.o
 .debug_line    0x00005606      0x868 ./Core/Src/stm32g0xx_hal_msp.o
 .debug_line    0x00005e6e      0x802 ./Core/Src/stm32g0xx_it.o
 .debug_line    0x00006670      0x687 ./Core/Src/sysmem.o
 .debug_line    0x00006cf7      0x800 ./Core/Src/system_stm32g0xx.o
 .debug_line    0x000074f7     0x106d ./Core/Src/gameC/mario.o
 .debug_line    0x00008564       0x7b ./Core/Startup/startup_stm32g071rbtx.o
 .debug_line    0x000085df      0xb46 ./Drivers/STM32G0xx_HAL_Driver/Src/stm32g0xx_hal.o
 .debug_line    0x00009125      0xbdb ./Drivers/STM32G0xx_HAL_Driver/Src/stm32g0xx_hal_cortex.o
 .debug_line    0x00009d00      0xdc2 ./Drivers/STM32G0xx_HAL_Driver/Src/stm32g0xx_hal_dma.o
 .debug_line    0x0000aac2      0xb97 ./Drivers/STM32G0xx_HAL_Driver/Src/stm32g0xx_hal_gpio.o
 .debug_line    0x0000b659      0xb1f ./Drivers/STM32G0xx_HAL_Driver/Src/stm32g0xx_hal_pwr_ex.o
 .debug_line    0x0000c178     0x1017 ./Drivers/STM32G0xx_HAL_Driver/Src/stm32g0xx_hal_rcc.o
 .debug_line    0x0000d18f      0xda0 ./Drivers/STM32G0xx_HAL_Driver/Src/stm32g0xx_hal_rcc_ex.o
 .debug_line    0x0000df2f     0x202b ./Drivers/STM32G0xx_HAL_Driver/Src/stm32g0xx_hal_spi.o
 .debug_line    0x0000ff5a     0x36eb ./Drivers/STM32G0xx_HAL_Driver/Src/stm32g0xx_hal_uart.o
 .debug_line    0x00013645      0xd5f ./Drivers/STM32G0xx_HAL_Driver/Src/stm32g0xx_hal_uart_ex.o

.debug_str      0x00000000    0x99e7f
 .debug_str     0x00000000    0x99e7f ./Core/Src/EngineC/engine.o
                              0x954a5 (size before relaxing)
 .debug_str     0x00099e7f    0x9562a ./Core/Src/EngineC/gameobject.o
 .debug_str     0x00099e7f    0x920dc ./Core/Src/EngineC/input.o
 .debug_str     0x00099e7f    0x95525 ./Core/Src/EngineC/render.o
 .debug_str     0x00099e7f    0x923b2 ./Core/Src/ILI9341_GFX.o
 .debug_str     0x00099e7f    0x928a5 ./Core/Src/ILI9341_STM32_Driver.o
 .debug_str     0x00099e7f     0x3d66 ./Core/Src/fonts.o
 .debug_str     0x00099e7f    0x930b0 ./Core/Src/main.o
 .debug_str     0x00099e7f    0x92a9b ./Core/Src/stm32g0xx_hal_msp.o
 .debug_str     0x00099e7f    0x923c5 ./Core/Src/stm32g0xx_it.o
 .debug_str     0x00099e7f     0x767c ./Core/Src/sysmem.o
 .debug_str     0x00099e7f    0x91fdb ./Core/Src/system_stm32g0xx.o
 .debug_str     0x00099e7f    0x95e5f ./Core/Src/gameC/mario.o
 .debug_str     0x00099e7f       0x82 ./Core/Startup/startup_stm32g071rbtx.o
 .debug_str     0x00099e7f    0x927d8 ./Drivers/STM32G0xx_HAL_Driver/Src/stm32g0xx_hal.o
 .debug_str     0x00099e7f    0x924a2 ./Drivers/STM32G0xx_HAL_Driver/Src/stm32g0xx_hal_cortex.o
 .debug_str     0x00099e7f    0x92475 ./Drivers/STM32G0xx_HAL_Driver/Src/stm32g0xx_hal_dma.o
 .debug_str     0x00099e7f    0x92124 ./Drivers/STM32G0xx_HAL_Driver/Src/stm32g0xx_hal_gpio.o
 .debug_str     0x00099e7f    0x92468 ./Drivers/STM32G0xx_HAL_Driver/Src/stm32g0xx_hal_pwr_ex.o
 .debug_str     0x00099e7f    0x92731 ./Drivers/STM32G0xx_HAL_Driver/Src/stm32g0xx_hal_rcc.o
 .debug_str     0x00099e7f    0x923a5 ./Drivers/STM32G0xx_HAL_Driver/Src/stm32g0xx_hal_rcc_ex.o
 .debug_str     0x00099e7f    0x929c1 ./Drivers/STM32G0xx_HAL_Driver/Src/stm32g0xx_hal_spi.o
 .debug_str     0x00099e7f    0x92fa6 ./Drivers/STM32G0xx_HAL_Driver/Src/stm32g0xx_hal_uart.o
 .debug_str     0x00099e7f    0x92865 ./Drivers/STM32G0xx_HAL_Driver/Src/stm32g0xx_hal_uart_ex.o

.comment        0x00000000       0x43
 .comment       0x00000000       0x43 ./Core/Src/EngineC/engine.o
                                 0x44 (size before relaxing)
 .comment       0x00000043       0x44 ./Core/Src/EngineC/gameobject.o
 .comment       0x00000043       0x44 ./Core/Src/EngineC/input.o
 .comment       0x00000043       0x44 ./Core/Src/EngineC/render.o
 .comment       0x00000043       0x44 ./Core/Src/ILI9341_GFX.o
 .comment       0x00000043       0x44 ./Core/Src/ILI9341_STM32_Driver.o
 .comment       0x00000043       0x44 ./Core/Src/fonts.o
 .comment       0x00000043       0x44 ./Core/Src/main.o
 .comment       0x00000043       0x44 ./Core/Src/stm32g0xx_hal_msp.o
 .comment       0x00000043       0x44 ./Core/Src/stm32g0xx_it.o
 .comment       0x00000043       0x44 ./Core/Src/sysmem.o
 .comment       0x00000043       0x44 ./Core/Src/system_stm32g0xx.o
 .comment       0x00000043       0x44 ./Core/Src/gameC/mario.o
 .comment       0x00000043       0x44 ./Drivers/STM32G0xx_HAL_Driver/Src/stm32g0xx_hal.o
 .comment       0x00000043       0x44 ./Drivers/STM32G0xx_HAL_Driver/Src/stm32g0xx_hal_cortex.o
 .comment       0x00000043       0x44 ./Drivers/STM32G0xx_HAL_Driver/Src/stm32g0xx_hal_dma.o
 .comment       0x00000043       0x44 ./Drivers/STM32G0xx_HAL_Driver/Src/stm32g0xx_hal_gpio.o
 .comment       0x00000043       0x44 ./Drivers/STM32G0xx_HAL_Driver/Src/stm32g0xx_hal_pwr_ex.o
 .comment       0x00000043       0x44 ./Drivers/STM32G0xx_HAL_Driver/Src/stm32g0xx_hal_rcc.o
 .comment       0x00000043       0x44 ./Drivers/STM32G0xx_HAL_Driver/Src/stm32g0xx_hal_rcc_ex.o
 .comment       0x00000043       0x44 ./Drivers/STM32G0xx_HAL_Driver/Src/stm32g0xx_hal_spi.o
 .comment       0x00000043       0x44 ./Drivers/STM32G0xx_HAL_Driver/Src/stm32g0xx_hal_uart.o
 .comment       0x00000043       0x44 ./Drivers/STM32G0xx_HAL_Driver/Src/stm32g0xx_hal_uart_ex.o

.debug_frame    0x00000000     0x34a0
 .debug_frame   0x00000000       0x8c ./Core/Src/EngineC/engine.o
 .debug_frame   0x0000008c      0x278 ./Core/Src/EngineC/gameobject.o
 .debug_frame   0x00000304       0xb0 ./Core/Src/EngineC/input.o
 .debug_frame   0x000003b4      0x10c ./Core/Src/EngineC/render.o
 .debug_frame   0x000004c0      0x124 ./Core/Src/ILI9341_GFX.o
 .debug_frame   0x000005e4      0x260 ./Core/Src/ILI9341_STM32_Driver.o
 .debug_frame   0x00000844       0xe0 ./Core/Src/main.o
 .debug_frame   0x00000924       0xb0 ./Core/Src/stm32g0xx_hal_msp.o
 .debug_frame   0x000009d4       0xb8 ./Core/Src/stm32g0xx_it.o
 .debug_frame   0x00000a8c       0x30 ./Core/Src/sysmem.o
 .debug_frame   0x00000abc       0x4c ./Core/Src/system_stm32g0xx.o
 .debug_frame   0x00000b08      0x170 ./Core/Src/gameC/mario.o
 .debug_frame   0x00000c78      0x3dc ./Drivers/STM32G0xx_HAL_Driver/Src/stm32g0xx_hal.o
 .debug_frame   0x00001054      0x33c ./Drivers/STM32G0xx_HAL_Driver/Src/stm32g0xx_hal_cortex.o
 .debug_frame   0x00001390      0x1f0 ./Drivers/STM32G0xx_HAL_Driver/Src/stm32g0xx_hal_dma.o
 .debug_frame   0x00001580      0x130 ./Drivers/STM32G0xx_HAL_Driver/Src/stm32g0xx_hal_gpio.o
 .debug_frame   0x000016b0      0x32c ./Drivers/STM32G0xx_HAL_Driver/Src/stm32g0xx_hal_pwr_ex.o
 .debug_frame   0x000019dc      0x214 ./Drivers/STM32G0xx_HAL_Driver/Src/stm32g0xx_hal_rcc.o
 .debug_frame   0x00001bf0       0xb0 ./Drivers/STM32G0xx_HAL_Driver/Src/stm32g0xx_hal_rcc_ex.o
 .debug_frame   0x00001ca0      0x710 ./Drivers/STM32G0xx_HAL_Driver/Src/stm32g0xx_hal_spi.o
 .debug_frame   0x000023b0      0x8d8 ./Drivers/STM32G0xx_HAL_Driver/Src/stm32g0xx_hal_uart.o
 .debug_frame   0x00002c88      0x258 ./Drivers/STM32G0xx_HAL_Driver/Src/stm32g0xx_hal_uart_ex.o
 .debug_frame   0x00002ee0      0x138 D:/Student_App/STM/STM32CubeIDE_1.19.0/STM32CubeIDE/plugins/com.st.stm32cube.ide.mcu.externaltools.gnu-tools-for-stm32.13.3.rel1.win32_1.0.0.202411081344/tools/bin/../lib/gcc/arm-none-eabi/13.3.1/../../../../arm-none-eabi/lib/thumb/v6-m/nofp\libc_nano.a(libc_a-findfp.o)
 .debug_frame   0x00003018       0x50 D:/Student_App/STM/STM32CubeIDE_1.19.0/STM32CubeIDE/plugins/com.st.stm32cube.ide.mcu.externaltools.gnu-tools-for-stm32.13.3.rel1.win32_1.0.0.202411081344/tools/bin/../lib/gcc/arm-none-eabi/13.3.1/../../../../arm-none-eabi/lib/thumb/v6-m/nofp\libc_nano.a(libc_a-sprintf.o)
 .debug_frame   0x00003068       0x20 D:/Student_App/STM/STM32CubeIDE_1.19.0/STM32CubeIDE/plugins/com.st.stm32cube.ide.mcu.externaltools.gnu-tools-for-stm32.13.3.rel1.win32_1.0.0.202411081344/tools/bin/../lib/gcc/arm-none-eabi/13.3.1/../../../../arm-none-eabi/lib/thumb/v6-m/nofp\libc_nano.a(libc_a-memset.o)
 .debug_frame   0x00003088       0x2c D:/Student_App/STM/STM32CubeIDE_1.19.0/STM32CubeIDE/plugins/com.st.stm32cube.ide.mcu.externaltools.gnu-tools-for-stm32.13.3.rel1.win32_1.0.0.202411081344/tools/bin/../lib/gcc/arm-none-eabi/13.3.1/../../../../arm-none-eabi/lib/thumb/v6-m/nofp\libc_nano.a(libc_a-reent.o)
 .debug_frame   0x000030b4       0x20 D:/Student_App/STM/STM32CubeIDE_1.19.0/STM32CubeIDE/plugins/com.st.stm32cube.ide.mcu.externaltools.gnu-tools-for-stm32.13.3.rel1.win32_1.0.0.202411081344/tools/bin/../lib/gcc/arm-none-eabi/13.3.1/../../../../arm-none-eabi/lib/thumb/v6-m/nofp\libc_nano.a(libc_a-errno.o)
 .debug_frame   0x000030d4       0x2c D:/Student_App/STM/STM32CubeIDE_1.19.0/STM32CubeIDE/plugins/com.st.stm32cube.ide.mcu.externaltools.gnu-tools-for-stm32.13.3.rel1.win32_1.0.0.202411081344/tools/bin/../lib/gcc/arm-none-eabi/13.3.1/../../../../arm-none-eabi/lib/thumb/v6-m/nofp\libc_nano.a(libc_a-init.o)
 .debug_frame   0x00003100       0xb0 D:/Student_App/STM/STM32CubeIDE_1.19.0/STM32CubeIDE/plugins/com.st.stm32cube.ide.mcu.externaltools.gnu-tools-for-stm32.13.3.rel1.win32_1.0.0.202411081344/tools/bin/../lib/gcc/arm-none-eabi/13.3.1/../../../../arm-none-eabi/lib/thumb/v6-m/nofp\libc_nano.a(libc_a-lock.o)
 .debug_frame   0x000031b0       0x2c D:/Student_App/STM/STM32CubeIDE_1.19.0/STM32CubeIDE/plugins/com.st.stm32cube.ide.mcu.externaltools.gnu-tools-for-stm32.13.3.rel1.win32_1.0.0.202411081344/tools/bin/../lib/gcc/arm-none-eabi/13.3.1/../../../../arm-none-eabi/lib/thumb/v6-m/nofp\libc_nano.a(libc_a-freer.o)
 .debug_frame   0x000031dc       0x50 D:/Student_App/STM/STM32CubeIDE_1.19.0/STM32CubeIDE/plugins/com.st.stm32cube.ide.mcu.externaltools.gnu-tools-for-stm32.13.3.rel1.win32_1.0.0.202411081344/tools/bin/../lib/gcc/arm-none-eabi/13.3.1/../../../../arm-none-eabi/lib/thumb/v6-m/nofp\libc_nano.a(libc_a-mallocr.o)
 .debug_frame   0x0000322c       0x40 D:/Student_App/STM/STM32CubeIDE_1.19.0/STM32CubeIDE/plugins/com.st.stm32cube.ide.mcu.externaltools.gnu-tools-for-stm32.13.3.rel1.win32_1.0.0.202411081344/tools/bin/../lib/gcc/arm-none-eabi/13.3.1/../../../../arm-none-eabi/lib/thumb/v6-m/nofp\libc_nano.a(libc_a-mlock.o)
 .debug_frame   0x0000326c       0x74 D:/Student_App/STM/STM32CubeIDE_1.19.0/STM32CubeIDE/plugins/com.st.stm32cube.ide.mcu.externaltools.gnu-tools-for-stm32.13.3.rel1.win32_1.0.0.202411081344/tools/bin/../lib/gcc/arm-none-eabi/13.3.1/../../../../arm-none-eabi/lib/thumb/v6-m/nofp\libc_nano.a(libc_a-nano-svfprintf.o)
 .debug_frame   0x000032e0       0x54 D:/Student_App/STM/STM32CubeIDE_1.19.0/STM32CubeIDE/plugins/com.st.stm32cube.ide.mcu.externaltools.gnu-tools-for-stm32.13.3.rel1.win32_1.0.0.202411081344/tools/bin/../lib/gcc/arm-none-eabi/13.3.1/../../../../arm-none-eabi/lib/thumb/v6-m/nofp\libc_nano.a(libc_a-nano-vfprintf_i.o)
 .debug_frame   0x00003334       0x28 D:/Student_App/STM/STM32CubeIDE_1.19.0/STM32CubeIDE/plugins/com.st.stm32cube.ide.mcu.externaltools.gnu-tools-for-stm32.13.3.rel1.win32_1.0.0.202411081344/tools/bin/../lib/gcc/arm-none-eabi/13.3.1/../../../../arm-none-eabi/lib/thumb/v6-m/nofp\libc_nano.a(libc_a-memmove.o)
 .debug_frame   0x0000335c       0x2c D:/Student_App/STM/STM32CubeIDE_1.19.0/STM32CubeIDE/plugins/com.st.stm32cube.ide.mcu.externaltools.gnu-tools-for-stm32.13.3.rel1.win32_1.0.0.202411081344/tools/bin/../lib/gcc/arm-none-eabi/13.3.1/../../../../arm-none-eabi/lib/thumb/v6-m/nofp\libc_nano.a(libc_a-sbrkr.o)
 .debug_frame   0x00003388       0x20 D:/Student_App/STM/STM32CubeIDE_1.19.0/STM32CubeIDE/plugins/com.st.stm32cube.ide.mcu.externaltools.gnu-tools-for-stm32.13.3.rel1.win32_1.0.0.202411081344/tools/bin/../lib/gcc/arm-none-eabi/13.3.1/../../../../arm-none-eabi/lib/thumb/v6-m/nofp\libc_nano.a(libc_a-memchr-stub.o)