../Core/Src/EngineC/gameobject.c:35:6:GameObject_SetBackgroundColor	16	static
../Core/Src/EngineC/gameobject.c:37:6:GameObject_SetBgRedrawCallback	16	static
../Core/Src/EngineC/gameobject.c:39:6:GameObject_Init	8	static
../Core/Src/EngineC/gameobject.c:48:5:GameObject_CreateSprite_Solid	24	static
../Core/Src/EngineC/gameobject.c:59:5:GameObject_CreateSprite_Bitmap	16	static
../Core/Src/EngineC/gameobject.c:69:5:GameObject_CreateAnimation	16	static
../Core/Src/EngineC/gameobject.c:77:14:GameObject_Spawn	64	static
../Core/Src/EngineC/gameobject.c:109:6:GameObject_Destroy	40	static
../Core/Src/EngineC/gameobject.c:120:6:GameObject_SetSprite	48	static
../Core/Src/EngineC/gameobject.c:140:6:GameObject_SetPos	56	static
../Core/Src/EngineC/gameobject.c:155:6:GameObject_GetPos	24	static
../Core/Src/EngineC/gameobject.c:156:6:GameObject_SetVisible	16	static
../Core/Src/EngineC/gameobject.c:157:6:GameObject_SetZ	16	static
../Core/Src/EngineC/gameobject.c:159:6:GameObject_PlayAnimation	24	static
../Core/Src/EngineC/gameobject.c:170:6:GameObject_EnableLogic	16	static
../Core/Src/EngineC/gameobject.c:176:6:GameObject_ProcessLogic	24	static
../Core/Src/EngineC/gameobject.c:186:6:GameObject_ProcessAnimation	48	static
../Core/Src/EngineC/gameobject.c:207:6:GameObject_RenderAll	56	static
