../Core/Src/ILI9341_STM32_Driver.c:6:6:HAL_SPI_TxCpltCallback	16	static
../Core/Src/ILI9341_STM32_Driver.c:15:13:ILI9341_SPI_TxBuffer	16	static
../Core/Src/ILI9341_STM32_Driver.c:23:13:ILI9341_SPI_Tx	16	static
../Core/Src/ILI9341_STM32_Driver.c:32:6:ILI9341_WriteCommand	16	static
../Core/Src/ILI9341_STM32_Driver.c:40:6:ILI9341_WriteData	16	static
../Core/Src/ILI9341_STM32_Driver.c:48:6:ILI9341_WriteBuffer	16	static
../Core/Src/ILI9341_STM32_Driver.c:56:6:ILI9341_SetAddress	32	static
../Core/Src/ILI9341_STM32_Driver.c:78:6:ILI9341_Reset	8	static
../Core/Src/ILI9341_STM32_Driver.c:88:6:ILI9341_Enable	8	static
../Core/Src/ILI9341_STM32_Driver.c:93:6:ILI9341_Init	8	static
../Core/Src/ILI9341_STM32_Driver.c:229:6:ILI9341_SetRotation	16	static
../Core/Src/ILI9341_STM32_Driver.c:261:6:ILI9341_DrawColor	24	static
../Core/Src/ILI9341_STM32_Driver.c:267:6:ILI9341_DrawColorBurst	96	dynamic
../Core/Src/ILI9341_STM32_Driver.c:308:6:ILI9341_FillScreen	16	static
../Core/Src/ILI9341_STM32_Driver.c:314:6:ILI9341_DrawPixel	48	static
../Core/Src/ILI9341_STM32_Driver.c:332:6:ILI9341_DrawRectangle	24	static
../Core/Src/ILI9341_STM32_Driver.c:350:6:ILI9341_DrawHLine	24	static
../Core/Src/ILI9341_STM32_Driver.c:363:6:ILI9341_DrawVLine	24	static
